******************************************************************************
                  TI ARM Linker PC v20.2.7                     
******************************************************************************
>> Linked Sun Apr 30 15:02:10 2023

OUTPUT FILE NAME:   <ES_Register_S.out>
ENTRY POINT SYMBOL: "_c_int00_noargs"  address: 000039a5


MEMORY CONFIGURATION

         name            origin    length      used     unused   attr    fill
----------------------  --------  ---------  --------  --------  ----  --------
  FLASH                 00000000   00040000  0000414b  0003beb5  R  X
  SRAM                  20000000   00008000  0000024b  00007db5  RW X


SEGMENT ALLOCATION MAP

run origin  load origin   length   init length attrs members
----------  ----------- ---------- ----------- ----- -------
00000000    00000000    0000414c   0000414c    r-x
  00000000    00000000    0000026c   0000026c    r-- .intvecs
  0000026c    0000026c    0000389c   0000389c    r-x .text
  00003b08    00003b08    0000062f   0000062f    r-- .const
  00004138    00004138    00000014   00000014    r-- .cinit
20000000    20000000    0000024b   00000000    rw-
  20000000    20000000    00000200   00000000    rw- .stack
  20000200    20000200    0000004b   00000000    rw- .bss


SECTION ALLOCATION MAP

 output                                  attributes/
section   page    origin      length       input sections
--------  ----  ----------  ----------   ----------------
.intvecs   0    00000000    0000026c     
                  00000000    0000026c     tm4c123gh6pm_startup_ccs.obj (.intvecs)

.text      0    0000026c    0000389c     
                  0000026c    00001984     ST7735.obj (.text)
                  00001bf0    00001048     ES_Register_S.obj (.text)
                  00002c38    00000780     Mfrc522.obj (.text)
                  000033b8    0000016c     driverlib.lib : gpio.obj (.text:GPIOPadConfigSet)
                  00003524    00000118                   : sysctl.obj (.text:SysCtlClockGet)
                  0000363c    000000f4                   : sysctl.obj (.text:SysCtlClockSet)
                  00003730    0000009c     rtsv7M4_T_le_v4SPD16_eabi.lib : memcpy_t2.asm.obj (.text)
                  000037cc    00000050     driverlib.lib : sysctl.obj (.text:SysCtlPeripheralReset)
                  0000381c    0000004c                   : gpio.obj (.text:GPIOPinConfigure)
                  00003868    00000046                   : uart.obj (.text:UARTConfigSetExpClk)
                  000038ae    00000002     --HOLE-- [fill = 0]
                  000038b0    00000044     rtsv7M4_T_le_v4SPD16_eabi.lib : autoinit.c.obj (.text:__TI_auto_init_nobinit_nopinit:__TI_auto_init_nobinit_nopinit)
                  000038f4    00000040     driverlib.lib : eeprom.obj (.text:EEPROMInit)
                  00003934    0000003c                   : ssi.obj (.text:SSIConfigSetExpClk)
                  00003970    00000034                   : sysctl.obj (.text:SysCtlPeripheralEnable)
                  000039a4    00000034     rtsv7M4_T_le_v4SPD16_eabi.lib : boot_cortex_m.c.obj (.text:_c_int00_noargs:_c_int00_noargs)
                  000039d8    0000002c     driverlib.lib : gpio.obj (.text:GPIODirModeSet)
                  00003a04    00000020                   : uart.obj (.text:UARTDisable)
                  00003a24    0000001c     rtsv7M4_T_le_v4SPD16_eabi.lib : copy_zero_init.c.obj (.text:decompress:ZI:__TI_zero_init_nomemset:__TI_zero_init_nomemset)
                  00003a40    0000001a     driverlib.lib : gpio.obj (.text:GPIOPinTypeGPIOOutput)
                  00003a5a    00000016                   : gpio.obj (.text:GPIOPinTypeSSI)
                  00003a70    00000016                   : gpio.obj (.text:GPIOPinTypeUART)
                  00003a86    00000014                   : uart.obj (.text:UARTEnable)
                  00003a9a    00000002     --HOLE-- [fill = 0]
                  00003a9c    00000010                   : eeprom.obj (.text:_EEPROMWaitForDone)
                  00003aac    0000000c                   : ssi.obj (.text:SSIDataGet)
                  00003ab8    0000000c     tm4c123gh6pm_startup_ccs.obj (.text)
                  00003ac4    0000000a     driverlib.lib : ssi.obj (.text:SSIDataPut)
                  00003ace    0000000a                   : ssi.obj (.text:SSIEnable)
                  00003ad8    0000000a                   : uart.obj (.text:UARTCharGet)
                  00003ae2    0000000a                   : uart.obj (.text:UARTCharPut)
                  00003aec    00000008                   : ssi.obj (.text:SSIBusy)
                  00003af4    00000006                   : gpio.obj (.text:GPIOPinWrite)
                  00003afa    00000006                   : sysctl.obj (.text:SysCtlDelay)
                  00003b00    00000004     rtsv7M4_T_le_v4SPD16_eabi.lib : pre_init.c.obj (.text:_system_pre_init)
                  00003b04    00000004                                   : exit.c.obj (.text:abort:abort)

.const     0    00003b08    0000062f     
                  00003b08    000004fb     ST7735.obj (.const:.string:font)
                  00004003    00000001     --HOLE-- [fill = 0]
                  00004004    00000090     driverlib.lib : gpio.obj (.const:g_pui32GPIOBaseAddrs)
                  00004094    0000006c                   : sysctl.obj (.const:g_pui32Xtals)
                  00004100    00000037     ST7735.obj (.const:.string:initCommands)

.cinit     0    00004138    00000014     
                  00004138    00000008     (.cinit..bss.load) [load image, compression = zero_init]
                  00004140    00000004     (__TI_handler_table)
                  00004144    00000008     (__TI_cinit_table)

.init_array 
*          0    00000000    00000000     UNINITIALIZED

.bss       0    20000200    0000004b     UNINITIALIZED
                  20000200    00000010     (.common:rollNo)
                  20000210    00000010     (.common:str)
                  20000220    0000000c     (.common:cardID)
                  2000022c    00000008     (.common:key)
                  20000234    00000004     (.common:height)
                  20000238    00000004     (.common:width)
                  2000023c    00000002     (.common:cursor_x)
                  2000023e    00000002     (.common:cursor_y)
                  20000240    00000002     (.common:textbgcolour)
                  20000242    00000002     (.common:textcolour)
                  20000244    00000002     (.common:wrap)
                  20000246    00000001     (.common:colstart)
                  20000247    00000001     (.common:rotation)
                  20000248    00000001     (.common:rowstart)
                  20000249    00000001     (.common:status)
                  2000024a    00000001     (.common:textsize)

.stack     0    20000000    00000200     UNINITIALIZED
                  20000000    00000004     rtsv7M4_T_le_v4SPD16_eabi.lib : boot_cortex_m.c.obj (.stack)
                  20000004    000001fc     --HOLE--

__llvm_prf_cnts 
*          0    20000000    00000000     UNINITIALIZED

MODULE SUMMARY

       Module                         code    ro data   rw data
       ------                         ----    -------   -------
    .\
       ST7735.obj                     6532    1330      22     
       ES_Register_S.obj              4168    0         53     
       Mfrc522.obj                    1920    0         0      
       tm4c123gh6pm_startup_ccs.obj   12      620       0      
    +--+------------------------------+-------+---------+---------+
       Total:                         12632   1950      75     
                                                               
    C:/ti/TivaWare_C_Series-2.2.0.295/driverlib/ccs/Debug/driverlib.lib
       sysctl.obj                     662     108       0      
       gpio.obj                       560     144       0      
       uart.obj                       142     0         0      
       ssi.obj                        100     0         0      
       eeprom.obj                     80      0         0      
    +--+------------------------------+-------+---------+---------+
       Total:                         1544    252       0      
                                                               
    C:\ti\ccs1220\ccs\tools\compiler\ti-cgt-arm_20.2.7.LTS\lib\rtsv7M4_T_le_v4SPD16_eabi.lib
       memcpy_t2.asm.obj              156     0         0      
       autoinit.c.obj                 68      0         0      
       boot_cortex_m.c.obj            52      0         0      
       copy_zero_init.c.obj           28      0         0      
       exit.c.obj                     4       0         0      
       pre_init.c.obj                 4       0         0      
    +--+------------------------------+-------+---------+---------+
       Total:                         312     0         0      
                                                               
       Stack:                         0       0         512    
       Linker Generated:              0       20        0      
    +--+------------------------------+-------+---------+---------+
       Grand Total:                   14488   2222      587    


LINKER GENERATED COPY TABLES

__TI_cinit_table @ 00004144 records: 1, size/record: 8, table size: 8
	.bss: load addr=00004138, load size=00000008 bytes, run addr=20000200, run size=0000004b bytes, compression=zero_init


LINKER GENERATED HANDLER TABLE

__TI_handler_table @ 00004140 records: 1, size/record: 4, table size: 4
	index: 0, handler: __TI_zero_init


GLOBAL SYMBOLS: SORTED ALPHABETICALLY BY Name 

address   name                          
-------   ----                          
00002d79  AntennaOff                    
00002d59  AntennaOn                     
00003005  Anticoll                      
000031ab  Auth                          
00003b05  C$$EXIT                       
00003095  CalulateCRC                   
00002d2f  ClearBitMask                  
00000863  Colour565                     
000038f5  EEPROMInit                    
000039d9  GPIODirModeSet                
000033b9  GPIOPadConfigSet              
0000381d  GPIOPinConfigure              
00003a41  GPIOPinTypeGPIOOutput         
00003a5b  GPIOPinTypeSSI                
00003a71  GPIOPinTypeUART               
00003af5  GPIOPinWrite                  
0000338d  Halt                          
00002d91  Init                          
0000038f  LcdInit                       
00003263  ReadBlock                     
00002cc7  ReadReg                       
00002dff  Request                       
00002d85  Reset                         
00003ab9  ResetISR                      
00002c39  SPI_transfer                  
00002c67  SPI_transferW                 
00003aed  SSIBusy                       
00003935  SSIConfigSetExpClk            
00003aad  SSIDataGet                    
00003ac5  SSIDataPut                    
00003acf  SSIEnable                     
00003121  SelectTag                     
00002d05  SetBitMask                    
00003525  SysCtlClockGet                
0000363d  SysCtlClockSet                
00003afb  SysCtlDelay                   
00003971  SysCtlPeripheralEnable        
000037cd  SysCtlPeripheralReset         
00002e51  ToCard                        
00003ad9  UARTCharGet                   
00003ae3  UARTCharPut                   
00003869  UARTConfigSetExpClk           
00003a05  UARTDisable                   
00003a87  UARTEnable                    
000032b7  WriteBlock                    
00002c91  WriteReg                      
20000200  __STACK_END                   
00000200  __STACK_SIZE                  
20000200  __STACK_TOP                   
00004144  __TI_CINIT_Base               
0000414c  __TI_CINIT_Limit              
00004140  __TI_Handler_Table_Base       
00004144  __TI_Handler_Table_Limit      
000038b1  __TI_auto_init_nobinit_nopinit
ffffffff  __TI_pprof_out_hndl           
ffffffff  __TI_prof_data_size           
ffffffff  __TI_prof_data_start          
00000000  __TI_static_base__            
00003a25  __TI_zero_init_nomemset       
00003731  __aeabi_memcpy                
00003731  __aeabi_memcpy4               
00003731  __aeabi_memcpy8               
ffffffff  __binit__                     
ffffffff  __c_args__                    
UNDEFED   __mpu_init                    
20000000  __stack                       
20000000  __start___llvm_prf_cnts       
20000000  __stop___llvm_prf_cnts        
000039a5  _c_int00_noargs               
UNDEFED   _system_post_cinit            
00003b01  _system_pre_init              
00003b05  abort                         
ffffffff  binit                         
20000220  cardID                        
20000246  colstart                      
000002f7  commandList                   
2000023c  cursor_x                      
2000023e  cursor_y                      
0000026d  delay_ms                      
00001657  drawBitmap                    
000018d3  drawChar                      
00000945  drawCircle                    
00000b4d  drawCircleHelper              
00000653  drawFastHLine                 
000005a5  drawFastVLine                 
00000ec7  drawLine                      
00001a37  drawNumber                    
00000543  drawPixel                     
00001035  drawRect                      
000010a7  drawRoundRect                 
000017e3  drawString                    
000012d9  drawTriangle                  
00001729  drawXBitmap                   
00000d01  fillCircle                    
00000d5b  fillCircleHelper              
0000074d  fillRect                      
0000121d  fillRoundRect                 
00000705  fillScreen                    
00001339  fillTriangle                  
00000000  g_pfnVectors                  
00002ae9  hardware_init                 
20000234  height                        
00000923  invertDisplay                 
2000022c  key                           
00001bf1  main                          
00003731  memcpy                        
0000051b  pushColour                    
20000200  rollNo                        
20000247  rotation                      
20000248  rowstart                      
00000495  setAddrWindow                 
00001b55  setCursor                     
00000897  setRotation                   
00001b9d  setTextColour                 
00001b7d  setTextSize                   
00001bbd  setTextWrap                   
0000028b  spiWrite                      
00002481  state1                        
0000256d  state2                        
0000263d  state3                        
0000273f  state4                        
00002843  state5                        
00002927  state6                        
00002a25  state7                        
20000249  status                        
20000210  str                           
0000046f  swapColour                    
20000240  textbgcolour                  
20000242  textcolour                    
2000024a  textsize                      
20000238  width                         
20000244  wrap                          
000002bf  writeCommand                  
000002db  writeData                     


GLOBAL SYMBOLS: SORTED BY Symbol Address 

address   name                          
-------   ----                          
00000000  __TI_static_base__            
00000000  g_pfnVectors                  
00000200  __STACK_SIZE                  
0000026d  delay_ms                      
0000028b  spiWrite                      
000002bf  writeCommand                  
000002db  writeData                     
000002f7  commandList                   
0000038f  LcdInit                       
0000046f  swapColour                    
00000495  setAddrWindow                 
0000051b  pushColour                    
00000543  drawPixel                     
000005a5  drawFastVLine                 
00000653  drawFastHLine                 
00000705  fillScreen                    
0000074d  fillRect                      
00000863  Colour565                     
00000897  setRotation                   
00000923  invertDisplay                 
00000945  drawCircle                    
00000b4d  drawCircleHelper              
00000d01  fillCircle                    
00000d5b  fillCircleHelper              
00000ec7  drawLine                      
00001035  drawRect                      
000010a7  drawRoundRect                 
0000121d  fillRoundRect                 
000012d9  drawTriangle                  
00001339  fillTriangle                  
00001657  drawBitmap                    
00001729  drawXBitmap                   
000017e3  drawString                    
000018d3  drawChar                      
00001a37  drawNumber                    
00001b55  setCursor                     
00001b7d  setTextSize                   
00001b9d  setTextColour                 
00001bbd  setTextWrap                   
00001bf1  main                          
00002481  state1                        
0000256d  state2                        
0000263d  state3                        
0000273f  state4                        
00002843  state5                        
00002927  state6                        
00002a25  state7                        
00002ae9  hardware_init                 
00002c39  SPI_transfer                  
00002c67  SPI_transferW                 
00002c91  WriteReg                      
00002cc7  ReadReg                       
00002d05  SetBitMask                    
00002d2f  ClearBitMask                  
00002d59  AntennaOn                     
00002d79  AntennaOff                    
00002d85  Reset                         
00002d91  Init                          
00002dff  Request                       
00002e51  ToCard                        
00003005  Anticoll                      
00003095  CalulateCRC                   
00003121  SelectTag                     
000031ab  Auth                          
00003263  ReadBlock                     
000032b7  WriteBlock                    
0000338d  Halt                          
000033b9  GPIOPadConfigSet              
00003525  SysCtlClockGet                
0000363d  SysCtlClockSet                
00003731  __aeabi_memcpy                
00003731  __aeabi_memcpy4               
00003731  __aeabi_memcpy8               
00003731  memcpy                        
000037cd  SysCtlPeripheralReset         
0000381d  GPIOPinConfigure              
00003869  UARTConfigSetExpClk           
000038b1  __TI_auto_init_nobinit_nopinit
000038f5  EEPROMInit                    
00003935  SSIConfigSetExpClk            
00003971  SysCtlPeripheralEnable        
000039a5  _c_int00_noargs               
000039d9  GPIODirModeSet                
00003a05  UARTDisable                   
00003a25  __TI_zero_init_nomemset       
00003a41  GPIOPinTypeGPIOOutput         
00003a5b  GPIOPinTypeSSI                
00003a71  GPIOPinTypeUART               
00003a87  UARTEnable                    
00003aad  SSIDataGet                    
00003ab9  ResetISR                      
00003ac5  SSIDataPut                    
00003acf  SSIEnable                     
00003ad9  UARTCharGet                   
00003ae3  UARTCharPut                   
00003aed  SSIBusy                       
00003af5  GPIOPinWrite                  
00003afb  SysCtlDelay                   
00003b01  _system_pre_init              
00003b05  C$$EXIT                       
00003b05  abort                         
00004140  __TI_Handler_Table_Base       
00004144  __TI_CINIT_Base               
00004144  __TI_Handler_Table_Limit      
0000414c  __TI_CINIT_Limit              
20000000  __stack                       
20000000  __start___llvm_prf_cnts       
20000000  __stop___llvm_prf_cnts        
20000200  __STACK_END                   
20000200  __STACK_TOP                   
20000200  rollNo                        
20000210  str                           
20000220  cardID                        
2000022c  key                           
20000234  height                        
20000238  width                         
2000023c  cursor_x                      
2000023e  cursor_y                      
20000240  textbgcolour                  
20000242  textcolour                    
20000244  wrap                          
20000246  colstart                      
20000247  rotation                      
20000248  rowstart                      
20000249  status                        
2000024a  textsize                      
ffffffff  __TI_pprof_out_hndl           
ffffffff  __TI_prof_data_size           
ffffffff  __TI_prof_data_start          
ffffffff  __binit__                     
ffffffff  __c_args__                    
ffffffff  binit                         
UNDEFED   __mpu_init                    
UNDEFED   _system_post_cinit            

[134 symbols]
