******************************************************************************
                  TI ARM Linker PC v20.2.7                     
******************************************************************************
>> Linked Tue May  2 04:11:09 2023

OUTPUT FILE NAME:   <ES_Attendance.out>
ENTRY POINT SYMBOL: "_c_int00_noargs"  address: 0000373d


MEMORY CONFIGURATION

         name            origin    length      used     unused   attr    fill
----------------------  --------  ---------  --------  --------  ----  --------
  FLASH                 00000000   00040000  00003f23  0003c0dd  R  X
  SRAM                  20000000   00008000  00000287  00007d79  RW X


SEGMENT ALLOCATION MAP

run origin  load origin   length   init length attrs members
----------  ----------- ---------- ----------- ----- -------
00000000    00000000    00003f28   00003f28    r-x
  00000000    00000000    0000026c   0000026c    r-- .intvecs
  0000026c    0000026c    00003650   00003650    r-x .text
  000038bc    000038bc    0000062f   0000062f    r-- .const
  00003ef0    00003ef0    00000038   00000038    r-- .cinit
20000000    20000000    00000287   00000000    rw-
  20000000    20000000    00000200   00000000    rw- .stack
  20000200    20000200    0000007f   00000000    rw- .bss
  2000027f    2000027f    00000008   00000000    rw- .data


SECTION ALLOCATION MAP

 output                                  attributes/
section   page    origin      length       input sections
--------  ----  ----------  ----------   ----------------
.intvecs   0    00000000    0000026c     
                  00000000    0000026c     tm4c123gh6pm_startup_ccs.obj (.intvecs)

.text      0    0000026c    00003650     
                  0000026c    00001990     ST7735.obj (.text)
                  00001bfc    00000c00     ES_Attendance.obj (.text)
                  000027fc    00000780     Mfrc522.obj (.text)
                  00002f7c    0000016c     driverlib.lib : gpio.obj (.text:GPIOPadConfigSet)
                  000030e8    00000118                   : sysctl.obj (.text:SysCtlClockGet)
                  00003200    000000f4                   : sysctl.obj (.text:SysCtlClockSet)
                  000032f4    000000c4                   : eeprom.obj (.text:EEPROMProgram)
                  000033b8    0000009c     rtsv7M4_T_le_v4SPD16_eabi.lib : memcpy_t2.asm.obj (.text)
                  00003454    00000068                                   : copy_decompress_lzss.c.obj (.text:decompress:lzss:__TI_decompress_lzss)
                  000034bc    00000050     driverlib.lib : sysctl.obj (.text:SysCtlPeripheralReset)
                  0000350c    0000004c                   : gpio.obj (.text:GPIOPinConfigure)
                  00003558    00000046                   : uart.obj (.text:UARTConfigSetExpClk)
                  0000359e    00000002     --HOLE-- [fill = 0]
                  000035a0    00000044     rtsv7M4_T_le_v4SPD16_eabi.lib : autoinit.c.obj (.text:__TI_auto_init_nobinit_nopinit:__TI_auto_init_nobinit_nopinit)
                  000035e4    00000040     driverlib.lib : eeprom.obj (.text:EEPROMInit)
                  00003624    0000003c                   : ssi.obj (.text:SSIConfigSetExpClk)
                  00003660    0000003c                   : eeprom.obj (.text:_EEPROMSectorMaskSet)
                  0000369c    00000038                   : eeprom.obj (.text:EEPROMRead)
                  000036d4    00000034                   : sysctl.obj (.text:SysCtlPeripheralEnable)
                  00003708    00000034                   : eeprom.obj (.text:_EEPROMSectorMaskClear)
                  0000373c    00000034     rtsv7M4_T_le_v4SPD16_eabi.lib : boot_cortex_m.c.obj (.text:_c_int00_noargs:_c_int00_noargs)
                  00003770    0000002c     driverlib.lib : gpio.obj (.text:GPIODirModeSet)
                  0000379c    00000020                   : uart.obj (.text:UARTDisable)
                  000037bc    0000001c     rtsv7M4_T_le_v4SPD16_eabi.lib : copy_zero_init.c.obj (.text:decompress:ZI:__TI_zero_init_nomemset:__TI_zero_init_nomemset)
                  000037d8    0000001a     driverlib.lib : gpio.obj (.text:GPIOPinTypeGPIOOutput)
                  000037f2    00000018     rtsv7M4_T_le_v4SPD16_eabi.lib : strcmp.c.obj (.text:strcmp)
                  0000380a    00000016     driverlib.lib : gpio.obj (.text:GPIOPinTypeSSI)
                  00003820    00000016                   : gpio.obj (.text:GPIOPinTypeUART)
                  00003836    00000014                   : uart.obj (.text:UARTEnable)
                  0000384a    00000002     --HOLE-- [fill = 0]
                  0000384c    00000010                   : eeprom.obj (.text:_EEPROMWaitForDone)
                  0000385c    0000000e     rtsv7M4_T_le_v4SPD16_eabi.lib : copy_decompress_none.c.obj (.text:decompress:none:__TI_decompress_none)
                  0000386a    0000000c     driverlib.lib : ssi.obj (.text:SSIDataGet)
                  00003876    0000000c     tm4c123gh6pm_startup_ccs.obj (.text)
                  00003882    0000000a     driverlib.lib : ssi.obj (.text:SSIDataPut)
                  0000388c    0000000a                   : ssi.obj (.text:SSIEnable)
                  00003896    0000000a                   : uart.obj (.text:UARTCharPut)
                  000038a0    00000008                   : ssi.obj (.text:SSIBusy)
                  000038a8    00000006                   : gpio.obj (.text:GPIOPinWrite)
                  000038ae    00000006                   : sysctl.obj (.text:SysCtlDelay)
                  000038b4    00000004     rtsv7M4_T_le_v4SPD16_eabi.lib : pre_init.c.obj (.text:_system_pre_init)
                  000038b8    00000004                                   : exit.c.obj (.text:abort:abort)

.const     0    000038bc    0000062f     
                  000038bc    000004fb     ST7735.obj (.const:.string:font)
                  00003db7    00000001     --HOLE-- [fill = 0]
                  00003db8    00000090     driverlib.lib : gpio.obj (.const:g_pui32GPIOBaseAddrs)
                  00003e48    0000006c                   : sysctl.obj (.const:g_pui32Xtals)
                  00003eb4    00000037     ST7735.obj (.const:.string:initCommands)

.cinit     0    00003ef0    00000038     
                  00003ef0    0000000d     (.cinit..data.load) [load image, compression = lzss]
                  00003efd    00000003     --HOLE-- [fill = 0]
                  00003f00    0000000c     (__TI_handler_table)
                  00003f0c    00000004     --HOLE-- [fill = 0]
                  00003f10    00000008     (.cinit..bss.load) [load image, compression = zero_init]
                  00003f18    00000010     (__TI_cinit_table)

.init_array 
*          0    00000000    00000000     UNINITIALIZED

.bss       0    20000200    0000007f     UNINITIALIZED
                  20000200    00000010     (.common:Course)
                  20000210    00000010     (.common:courseName)
                  20000220    00000010     (.common:profName)
                  20000230    00000010     (.common:rollNo)
                  20000240    00000010     (.common:str)
                  20000250    0000000c     (.common:cardID)
                  2000025c    00000008     (.common:key)
                  20000264    00000004     (.common:code)
                  20000268    00000004     (.common:height)
                  2000026c    00000004     (.common:width)
                  20000270    00000002     (.common:cursor_x)
                  20000272    00000002     (.common:cursor_y)
                  20000274    00000002     (.common:textbgcolour)
                  20000276    00000002     (.common:textcolour)
                  20000278    00000002     (.common:wrap)
                  2000027a    00000001     (.common:colstart)
                  2000027b    00000001     (.common:rotation)
                  2000027c    00000001     (.common:rowstart)
                  2000027d    00000001     (.common:status)
                  2000027e    00000001     (.common:textsize)

.data      0    2000027f    00000008     UNINITIALIZED
                  2000027f    00000004     ES_Attendance.obj (.data:prof)
                  20000283    00000004     ES_Attendance.obj (.data:student)

.stack     0    20000000    00000200     UNINITIALIZED
                  20000000    00000004     rtsv7M4_T_le_v4SPD16_eabi.lib : boot_cortex_m.c.obj (.stack)
                  20000004    000001fc     --HOLE--

__llvm_prf_cnts 
*          0    20000000    00000000     UNINITIALIZED

MODULE SUMMARY

       Module                         code    ro data   rw data
       ------                         ----    -------   -------
    .\
       ST7735.obj                     6544    1330      22     
       ES_Attendance.obj              3072    0         113    
       Mfrc522.obj                    1920    0         0      
       tm4c123gh6pm_startup_ccs.obj   12      620       0      
    +--+------------------------------+-------+---------+---------+
       Total:                         11548   1950      135    
                                                               
    C:/ti/TivaWare_C_Series-2.2.0.295/driverlib/ccs/Debug/driverlib.lib
       sysctl.obj                     662     108       0      
       gpio.obj                       560     144       0      
       eeprom.obj                     444     0         0      
       uart.obj                       132     0         0      
       ssi.obj                        100     0         0      
    +--+------------------------------+-------+---------+---------+
       Total:                         1898    252       0      
                                                               
    C:\ti\ccs1220\ccs\tools\compiler\ti-cgt-arm_20.2.7.LTS\lib\rtsv7M4_T_le_v4SPD16_eabi.lib
       memcpy_t2.asm.obj              156     0         0      
       copy_decompress_lzss.c.obj     104     0         0      
       autoinit.c.obj                 68      0         0      
       boot_cortex_m.c.obj            52      0         0      
       copy_zero_init.c.obj           28      0         0      
       strcmp.c.obj                   24      0         0      
       copy_decompress_none.c.obj     14      0         0      
       exit.c.obj                     4       0         0      
       pre_init.c.obj                 4       0         0      
    +--+------------------------------+-------+---------+---------+
       Total:                         454     0         0      
                                                               
       Stack:                         0       0         512    
       Linker Generated:              0       49        0      
    +--+------------------------------+-------+---------+---------+
       Grand Total:                   13900   2251      647    


LINKER GENERATED COPY TABLES

__TI_cinit_table @ 00003f18 records: 2, size/record: 8, table size: 16
	.data: load addr=00003ef0, load size=0000000d bytes, run addr=2000027f, run size=00000008 bytes, compression=lzss
	.bss: load addr=00003f10, load size=00000008 bytes, run addr=20000200, run size=0000007f bytes, compression=zero_init


LINKER GENERATED HANDLER TABLE

__TI_handler_table @ 00003f00 records: 3, size/record: 4, table size: 12
	index: 0, handler: __TI_decompress_lzss
	index: 1, handler: __TI_decompress_none
	index: 2, handler: __TI_zero_init


GLOBAL SYMBOLS: SORTED ALPHABETICALLY BY Name 

address   name                          
-------   ----                          
0000293d  AntennaOff                    
0000291d  AntennaOn                     
00002bc9  Anticoll                      
00002d6f  Auth                          
000038b9  C$$EXIT                       
00002c59  CalulateCRC                   
000028f3  ClearBitMask                  
00000871  Colour565                     
20000200  Course                        
000035e5  EEPROMInit                    
000032f5  EEPROMProgram                 
0000369d  EEPROMRead                    
00003771  GPIODirModeSet                
00002f7d  GPIOPadConfigSet              
0000350d  GPIOPinConfigure              
000037d9  GPIOPinTypeGPIOOutput         
0000380b  GPIOPinTypeSSI                
00003821  GPIOPinTypeUART               
000038a9  GPIOPinWrite                  
00002f51  Halt                          
00002955  Init                          
0000038f  LcdInit                       
00002e27  ReadBlock                     
0000288b  ReadReg                       
000029c3  Request                       
00002949  Reset                         
00003877  ResetISR                      
000027fd  SPI_transfer                  
0000282b  SPI_transferW                 
000038a1  SSIBusy                       
00003625  SSIConfigSetExpClk            
0000386b  SSIDataGet                    
00003883  SSIDataPut                    
0000388d  SSIEnable                     
00002ce5  SelectTag                     
000028c9  SetBitMask                    
000030e9  SysCtlClockGet                
00003201  SysCtlClockSet                
000038af  SysCtlDelay                   
000036d5  SysCtlPeripheralEnable        
000034bd  SysCtlPeripheralReset         
00002a15  ToCard                        
00003897  UARTCharPut                   
00003559  UARTConfigSetExpClk           
0000379d  UARTDisable                   
00003837  UARTEnable                    
00002e7b  WriteBlock                    
00002855  WriteReg                      
20000200  __STACK_END                   
00000200  __STACK_SIZE                  
20000200  __STACK_TOP                   
00003f18  __TI_CINIT_Base               
00003f28  __TI_CINIT_Limit              
00003f00  __TI_Handler_Table_Base       
00003f0c  __TI_Handler_Table_Limit      
000035a1  __TI_auto_init_nobinit_nopinit
00003455  __TI_decompress_lzss          
0000385d  __TI_decompress_none          
ffffffff  __TI_pprof_out_hndl           
ffffffff  __TI_prof_data_size           
ffffffff  __TI_prof_data_start          
00000000  __TI_static_base__            
000037bd  __TI_zero_init_nomemset       
000033b9  __aeabi_memcpy                
000033b9  __aeabi_memcpy4               
000033b9  __aeabi_memcpy8               
ffffffff  __binit__                     
ffffffff  __c_args__                    
UNDEFED   __mpu_init                    
20000000  __stack                       
20000000  __start___llvm_prf_cnts       
20000000  __stop___llvm_prf_cnts        
0000373d  _c_int00_noargs               
UNDEFED   _system_post_cinit            
000038b5  _system_pre_init              
000038b9  abort                         
ffffffff  binit                         
20000250  cardID                        
20000264  code                          
2000027a  colstart                      
000002f7  commandList                   
20000210  courseName                    
20000270  cursor_x                      
20000272  cursor_y                      
0000026d  delay_ms                      
00001663  drawBitmap                    
000018df  drawChar                      
00000951  drawCircle                    
00000b59  drawCircleHelper              
00000665  drawFastHLine                 
000005ad  drawFastVLine                 
00000ed3  drawLine                      
00001a43  drawNumber                    
00000549  drawPixel                     
00001041  drawRect                      
000010b3  drawRoundRect                 
000017ef  drawString                    
000012e5  drawTriangle                  
00001735  drawXBitmap                   
00000d0d  fillCircle                    
00000d67  fillCircleHelper              
00000759  fillRect                      
00001229  fillRoundRect                 
00000713  fillScreen                    
00001345  fillTriangle                  
00000000  g_pfnVectors                  
000026cd  hardware_init                 
20000268  height                        
00000931  invertDisplay                 
2000025c  key                           
00001bfd  main                          
000033b9  memcpy                        
2000027f  prof                          
20000220  profName                      
00000521  pushColour                    
20000230  rollNo                        
2000027b  rotation                      
2000027c  rowstart                      
0000049b  setAddrWindow                 
00001b61  setCursor                     
000008a5  setRotation                   
00001ba9  setTextColour                 
00001b89  setTextSize                   
00001bc9  setTextWrap                   
0000028b  spiWrite                      
00002011  state1                        
00002105  state2                        
000021c1  state3                        
000022bd  state4                        
000023d9  state5                        
000024f5  state6                        
000025c7  state7                        
2000027d  status                        
20000240  str                           
000037f3  strcmp                        
20000283  student                       
00000475  swapColour                    
20000274  textbgcolour                  
20000276  textcolour                    
2000027e  textsize                      
2000026c  width                         
20000278  wrap                          
000002bf  writeCommand                  
000002db  writeData                     


GLOBAL SYMBOLS: SORTED BY Symbol Address 

address   name                          
-------   ----                          
00000000  __TI_static_base__            
00000000  g_pfnVectors                  
00000200  __STACK_SIZE                  
0000026d  delay_ms                      
0000028b  spiWrite                      
000002bf  writeCommand                  
000002db  writeData                     
000002f7  commandList                   
0000038f  LcdInit                       
00000475  swapColour                    
0000049b  setAddrWindow                 
00000521  pushColour                    
00000549  drawPixel                     
000005ad  drawFastVLine                 
00000665  drawFastHLine                 
00000713  fillScreen                    
00000759  fillRect                      
00000871  Colour565                     
000008a5  setRotation                   
00000931  invertDisplay                 
00000951  drawCircle                    
00000b59  drawCircleHelper              
00000d0d  fillCircle                    
00000d67  fillCircleHelper              
00000ed3  drawLine                      
00001041  drawRect                      
000010b3  drawRoundRect                 
00001229  fillRoundRect                 
000012e5  drawTriangle                  
00001345  fillTriangle                  
00001663  drawBitmap                    
00001735  drawXBitmap                   
000017ef  drawString                    
000018df  drawChar                      
00001a43  drawNumber                    
00001b61  setCursor                     
00001b89  setTextSize                   
00001ba9  setTextColour                 
00001bc9  setTextWrap                   
00001bfd  main                          
00002011  state1                        
00002105  state2                        
000021c1  state3                        
000022bd  state4                        
000023d9  state5                        
000024f5  state6                        
000025c7  state7                        
000026cd  hardware_init                 
000027fd  SPI_transfer                  
0000282b  SPI_transferW                 
00002855  WriteReg                      
0000288b  ReadReg                       
000028c9  SetBitMask                    
000028f3  ClearBitMask                  
0000291d  AntennaOn                     
0000293d  AntennaOff                    
00002949  Reset                         
00002955  Init                          
000029c3  Request                       
00002a15  ToCard                        
00002bc9  Anticoll                      
00002c59  CalulateCRC                   
00002ce5  SelectTag                     
00002d6f  Auth                          
00002e27  ReadBlock                     
00002e7b  WriteBlock                    
00002f51  Halt                          
00002f7d  GPIOPadConfigSet              
000030e9  SysCtlClockGet                
00003201  SysCtlClockSet                
000032f5  EEPROMProgram                 
000033b9  __aeabi_memcpy                
000033b9  __aeabi_memcpy4               
000033b9  __aeabi_memcpy8               
000033b9  memcpy                        
00003455  __TI_decompress_lzss          
000034bd  SysCtlPeripheralReset         
0000350d  GPIOPinConfigure              
00003559  UARTConfigSetExpClk           
000035a1  __TI_auto_init_nobinit_nopinit
000035e5  EEPROMInit                    
00003625  SSIConfigSetExpClk            
0000369d  EEPROMRead                    
000036d5  SysCtlPeripheralEnable        
0000373d  _c_int00_noargs               
00003771  GPIODirModeSet                
0000379d  UARTDisable                   
000037bd  __TI_zero_init_nomemset       
000037d9  GPIOPinTypeGPIOOutput         
000037f3  strcmp                        
0000380b  GPIOPinTypeSSI                
00003821  GPIOPinTypeUART               
00003837  UARTEnable                    
0000385d  __TI_decompress_none          
0000386b  SSIDataGet                    
00003877  ResetISR                      
00003883  SSIDataPut                    
0000388d  SSIEnable                     
00003897  UARTCharPut                   
000038a1  SSIBusy                       
000038a9  GPIOPinWrite                  
000038af  SysCtlDelay                   
000038b5  _system_pre_init              
000038b9  C$$EXIT                       
000038b9  abort                         
00003f00  __TI_Handler_Table_Base       
00003f0c  __TI_Handler_Table_Limit      
00003f18  __TI_CINIT_Base               
00003f28  __TI_CINIT_Limit              
20000000  __stack                       
20000000  __start___llvm_prf_cnts       
20000000  __stop___llvm_prf_cnts        
20000200  Course                        
20000200  __STACK_END                   
20000200  __STACK_TOP                   
20000210  courseName                    
20000220  profName                      
20000230  rollNo                        
20000240  str                           
20000250  cardID                        
2000025c  key                           
20000264  code                          
20000268  height                        
2000026c  width                         
20000270  cursor_x                      
20000272  cursor_y                      
20000274  textbgcolour                  
20000276  textcolour                    
20000278  wrap                          
2000027a  colstart                      
2000027b  rotation                      
2000027c  rowstart                      
2000027d  status                        
2000027e  textsize                      
2000027f  prof                          
20000283  student                       
ffffffff  __TI_pprof_out_hndl           
ffffffff  __TI_prof_data_size           
ffffffff  __TI_prof_data_start          
ffffffff  __binit__                     
ffffffff  __c_args__                    
ffffffff  binit                         
UNDEFED   __mpu_init                    
UNDEFED   _system_post_cinit            

[144 symbols]
