<?xml version="1.0" encoding="ISO-8859-1" ?>
<link_info>
   <banner>TI ARM Linker PC v20.2.7.LTS</banner>
   <copyright>Copyright (c) 1996-2018 Texas Instruments Incorporated</copyright>
   <link_time>0x64504005</link_time>
   <link_errors>0x0</link_errors>
   <output_file>ES_Attendance.out</output_file>
   <entry_point>
      <name>_c_int00_noargs</name>
      <address>0x373d</address>
   </entry_point>
   <input_file_list>
      <input_file id="fl-2">
         <path>.\</path>
         <kind>object</kind>
         <file>ES_Attendance.obj</file>
         <name>ES_Attendance.obj</name>
      </input_file>
      <input_file id="fl-3">
         <path>.\</path>
         <kind>object</kind>
         <file>Mfrc522.obj</file>
         <name>Mfrc522.obj</name>
      </input_file>
      <input_file id="fl-4">
         <path>.\</path>
         <kind>object</kind>
         <file>ST7735.obj</file>
         <name>ST7735.obj</name>
      </input_file>
      <input_file id="fl-5">
         <path>.\</path>
         <kind>object</kind>
         <file>lcd.obj</file>
         <name>lcd.obj</name>
      </input_file>
      <input_file id="fl-6">
         <path>.\</path>
         <kind>object</kind>
         <file>tm4c123gh6pm_startup_ccs.obj</file>
         <name>tm4c123gh6pm_startup_ccs.obj</name>
      </input_file>
      <input_file id="fl-b">
         <kind>object</kind>
         <file>&lt;internal&gt;</file>
         <name>&lt;internal&gt;</name>
      </input_file>
      <input_file id="fl-c">
         <path>C:\ti\TivaWare_C_Series-2.2.0.295\driverlib\ccs\Debug\</path>
         <kind>archive</kind>
         <file>driverlib.lib</file>
         <name>eeprom.obj</name>
      </input_file>
      <input_file id="fl-d">
         <path>C:\ti\TivaWare_C_Series-2.2.0.295\driverlib\ccs\Debug\</path>
         <kind>archive</kind>
         <file>driverlib.lib</file>
         <name>gpio.obj</name>
      </input_file>
      <input_file id="fl-e">
         <path>C:\ti\TivaWare_C_Series-2.2.0.295\driverlib\ccs\Debug\</path>
         <kind>archive</kind>
         <file>driverlib.lib</file>
         <name>interrupt.obj</name>
      </input_file>
      <input_file id="fl-f">
         <path>C:\ti\TivaWare_C_Series-2.2.0.295\driverlib\ccs\Debug\</path>
         <kind>archive</kind>
         <file>driverlib.lib</file>
         <name>ssi.obj</name>
      </input_file>
      <input_file id="fl-10">
         <path>C:\ti\TivaWare_C_Series-2.2.0.295\driverlib\ccs\Debug\</path>
         <kind>archive</kind>
         <file>driverlib.lib</file>
         <name>sysctl.obj</name>
      </input_file>
      <input_file id="fl-11">
         <path>C:\ti\TivaWare_C_Series-2.2.0.295\driverlib\ccs\Debug\</path>
         <kind>archive</kind>
         <file>driverlib.lib</file>
         <name>uart.obj</name>
      </input_file>
      <input_file id="fl-12">
         <path>C:\ti\TivaWare_C_Series-2.2.0.295\driverlib\ccs\Debug\</path>
         <kind>archive</kind>
         <file>driverlib.lib</file>
         <name>cpu.obj</name>
      </input_file>
      <input_file id="fl-c8">
         <path>C:\ti\ccs1220\ccs\tools\compiler\ti-cgt-arm_20.2.7.LTS\lib\</path>
         <kind>archive</kind>
         <file>rtsv7M4_T_le_v4SPD16_eabi.lib</file>
         <name>e_pow.c.obj</name>
      </input_file>
      <input_file id="fl-c9">
         <path>C:\ti\ccs1220\ccs\tools\compiler\ti-cgt-arm_20.2.7.LTS\lib\</path>
         <kind>archive</kind>
         <file>rtsv7M4_T_le_v4SPD16_eabi.lib</file>
         <name>e_sqrt.c.obj</name>
      </input_file>
      <input_file id="fl-ca">
         <path>C:\ti\ccs1220\ccs\tools\compiler\ti-cgt-arm_20.2.7.LTS\lib\</path>
         <kind>archive</kind>
         <file>rtsv7M4_T_le_v4SPD16_eabi.lib</file>
         <name>s_scalbn.c.obj</name>
      </input_file>
      <input_file id="fl-cb">
         <path>C:\ti\ccs1220\ccs\tools\compiler\ti-cgt-arm_20.2.7.LTS\lib\</path>
         <kind>archive</kind>
         <file>rtsv7M4_T_le_v4SPD16_eabi.lib</file>
         <name>fd_add_t2.asm.obj</name>
      </input_file>
      <input_file id="fl-cc">
         <path>C:\ti\ccs1220\ccs\tools\compiler\ti-cgt-arm_20.2.7.LTS\lib\</path>
         <kind>archive</kind>
         <file>rtsv7M4_T_le_v4SPD16_eabi.lib</file>
         <name>fd_cmp_t2.asm.obj</name>
      </input_file>
      <input_file id="fl-cd">
         <path>C:\ti\ccs1220\ccs\tools\compiler\ti-cgt-arm_20.2.7.LTS\lib\</path>
         <kind>archive</kind>
         <file>rtsv7M4_T_le_v4SPD16_eabi.lib</file>
         <name>fd_div_t2.asm.obj</name>
      </input_file>
      <input_file id="fl-ce">
         <path>C:\ti\ccs1220\ccs\tools\compiler\ti-cgt-arm_20.2.7.LTS\lib\</path>
         <kind>archive</kind>
         <file>rtsv7M4_T_le_v4SPD16_eabi.lib</file>
         <name>fd_mul_t2.asm.obj</name>
      </input_file>
      <input_file id="fl-cf">
         <path>C:\ti\ccs1220\ccs\tools\compiler\ti-cgt-arm_20.2.7.LTS\lib\</path>
         <kind>archive</kind>
         <file>rtsv7M4_T_le_v4SPD16_eabi.lib</file>
         <name>fd_toi_t2.asm.obj</name>
      </input_file>
      <input_file id="fl-d0">
         <path>C:\ti\ccs1220\ccs\tools\compiler\ti-cgt-arm_20.2.7.LTS\lib\</path>
         <kind>archive</kind>
         <file>rtsv7M4_T_le_v4SPD16_eabi.lib</file>
         <name>i_tofd_t2.asm.obj</name>
      </input_file>
      <input_file id="fl-d1">
         <path>C:\ti\ccs1220\ccs\tools\compiler\ti-cgt-arm_20.2.7.LTS\lib\</path>
         <kind>archive</kind>
         <file>rtsv7M4_T_le_v4SPD16_eabi.lib</file>
         <name>memcpy_t2.asm.obj</name>
      </input_file>
      <input_file id="fl-d2">
         <path>C:\ti\ccs1220\ccs\tools\compiler\ti-cgt-arm_20.2.7.LTS\lib\</path>
         <kind>archive</kind>
         <file>rtsv7M4_T_le_v4SPD16_eabi.lib</file>
         <name>copy_zero_init.c.obj</name>
      </input_file>
      <input_file id="fl-d3">
         <path>C:\ti\ccs1220\ccs\tools\compiler\ti-cgt-arm_20.2.7.LTS\lib\</path>
         <kind>archive</kind>
         <file>rtsv7M4_T_le_v4SPD16_eabi.lib</file>
         <name>copy_decompress_none.c.obj</name>
      </input_file>
      <input_file id="fl-d4">
         <path>C:\ti\ccs1220\ccs\tools\compiler\ti-cgt-arm_20.2.7.LTS\lib\</path>
         <kind>archive</kind>
         <file>rtsv7M4_T_le_v4SPD16_eabi.lib</file>
         <name>copy_decompress_lzss.c.obj</name>
      </input_file>
      <input_file id="fl-d5">
         <path>C:\ti\ccs1220\ccs\tools\compiler\ti-cgt-arm_20.2.7.LTS\lib\</path>
         <kind>archive</kind>
         <file>rtsv7M4_T_le_v4SPD16_eabi.lib</file>
         <name>strcmp.c.obj</name>
      </input_file>
      <input_file id="fl-d6">
         <path>C:\ti\ccs1220\ccs\tools\compiler\ti-cgt-arm_20.2.7.LTS\lib\</path>
         <kind>archive</kind>
         <file>rtsv7M4_T_le_v4SPD16_eabi.lib</file>
         <name>boot_cortex_m.c.obj</name>
      </input_file>
      <input_file id="fl-d7">
         <path>C:\ti\ccs1220\ccs\tools\compiler\ti-cgt-arm_20.2.7.LTS\lib\</path>
         <kind>archive</kind>
         <file>rtsv7M4_T_le_v4SPD16_eabi.lib</file>
         <name>errno.c.obj</name>
      </input_file>
      <input_file id="fl-d8">
         <path>C:\ti\ccs1220\ccs\tools\compiler\ti-cgt-arm_20.2.7.LTS\lib\</path>
         <kind>archive</kind>
         <file>rtsv7M4_T_le_v4SPD16_eabi.lib</file>
         <name>s_copysign.c.obj</name>
      </input_file>
      <input_file id="fl-d9">
         <path>C:\ti\ccs1220\ccs\tools\compiler\ti-cgt-arm_20.2.7.LTS\lib\</path>
         <kind>archive</kind>
         <file>rtsv7M4_T_le_v4SPD16_eabi.lib</file>
         <name>memset_t2.asm.obj</name>
      </input_file>
      <input_file id="fl-da">
         <path>C:\ti\ccs1220\ccs\tools\compiler\ti-cgt-arm_20.2.7.LTS\lib\</path>
         <kind>archive</kind>
         <file>rtsv7M4_T_le_v4SPD16_eabi.lib</file>
         <name>autoinit.c.obj</name>
      </input_file>
      <input_file id="fl-db">
         <path>C:\ti\ccs1220\ccs\tools\compiler\ti-cgt-arm_20.2.7.LTS\lib\</path>
         <kind>archive</kind>
         <file>rtsv7M4_T_le_v4SPD16_eabi.lib</file>
         <name>pre_init.c.obj</name>
      </input_file>
      <input_file id="fl-dc">
         <path>C:\ti\ccs1220\ccs\tools\compiler\ti-cgt-arm_20.2.7.LTS\lib\</path>
         <kind>archive</kind>
         <file>rtsv7M4_T_le_v4SPD16_eabi.lib</file>
         <name>cpy_tbl.c.obj</name>
      </input_file>
      <input_file id="fl-dd">
         <path>C:\ti\ccs1220\ccs\tools\compiler\ti-cgt-arm_20.2.7.LTS\lib\</path>
         <kind>archive</kind>
         <file>rtsv7M4_T_le_v4SPD16_eabi.lib</file>
         <name>exit.c.obj</name>
      </input_file>
      <input_file id="fl-de">
         <path>C:\ti\ccs1220\ccs\tools\compiler\ti-cgt-arm_20.2.7.LTS\lib\</path>
         <kind>archive</kind>
         <file>rtsv7M4_T_le_v4SPD16_eabi.lib</file>
         <name>_lock.c.obj</name>
      </input_file>
      <input_file id="fl-df">
         <path>C:\ti\ccs1220\ccs\tools\compiler\ti-cgt-arm_20.2.7.LTS\lib\</path>
         <kind>archive</kind>
         <file>rtsv7M4_T_le_v4SPD16_eabi.lib</file>
         <name>args_main.c.obj</name>
      </input_file>
   </input_file_list>
   <object_component_list>
      <object_component id="oc-12">
         <name>.intvecs</name>
         <load_address>0x0</load_address>
         <run_address>0x0</run_address>
         <size>0x26c</size>
         <input_file_ref idref="fl-6"/>
      </object_component>
      <object_component id="oc-ca">
         <name>.text</name>
         <load_address>0x26c</load_address>
         <run_address>0x26c</run_address>
         <size>0x1990</size>
         <input_file_ref idref="fl-4"/>
      </object_component>
      <object_component id="oc-9b">
         <name>.text</name>
         <load_address>0x1bfc</load_address>
         <run_address>0x1bfc</run_address>
         <size>0xc00</size>
         <input_file_ref idref="fl-2"/>
      </object_component>
      <object_component id="oc-d6">
         <name>.text</name>
         <load_address>0x27fc</load_address>
         <run_address>0x27fc</run_address>
         <size>0x780</size>
         <input_file_ref idref="fl-3"/>
      </object_component>
      <object_component id="oc-1e2">
         <name>.text:GPIOPadConfigSet</name>
         <load_address>0x2f7c</load_address>
         <run_address>0x2f7c</run_address>
         <size>0x16c</size>
         <input_file_ref idref="fl-d"/>
      </object_component>
      <object_component id="oc-f7">
         <name>.text:SysCtlClockGet</name>
         <load_address>0x30e8</load_address>
         <run_address>0x30e8</run_address>
         <size>0x118</size>
         <input_file_ref idref="fl-10"/>
      </object_component>
      <object_component id="oc-c4">
         <name>.text:SysCtlClockSet</name>
         <load_address>0x3200</load_address>
         <run_address>0x3200</run_address>
         <size>0xf4</size>
         <input_file_ref idref="fl-10"/>
      </object_component>
      <object_component id="oc-f0">
         <name>.text:EEPROMProgram</name>
         <load_address>0x32f4</load_address>
         <run_address>0x32f4</run_address>
         <size>0xc4</size>
         <input_file_ref idref="fl-c"/>
      </object_component>
      <object_component id="oc-3b">
         <name>.text</name>
         <load_address>0x33b8</load_address>
         <run_address>0x33b8</run_address>
         <size>0x9c</size>
         <input_file_ref idref="fl-d1"/>
      </object_component>
      <object_component id="oc-15">
         <name>.text:decompress:lzss:__TI_decompress_lzss</name>
         <load_address>0x3454</load_address>
         <run_address>0x3454</run_address>
         <size>0x68</size>
         <input_file_ref idref="fl-d4"/>
      </object_component>
      <object_component id="oc-201">
         <name>.text:SysCtlPeripheralReset</name>
         <load_address>0x34bc</load_address>
         <run_address>0x34bc</run_address>
         <size>0x50</size>
         <input_file_ref idref="fl-10"/>
      </object_component>
      <object_component id="oc-110">
         <name>.text:GPIOPinConfigure</name>
         <load_address>0x350c</load_address>
         <run_address>0x350c</run_address>
         <size>0x4c</size>
         <input_file_ref idref="fl-d"/>
      </object_component>
      <object_component id="oc-134">
         <name>.text:UARTConfigSetExpClk</name>
         <load_address>0x3558</load_address>
         <run_address>0x3558</run_address>
         <size>0x46</size>
         <input_file_ref idref="fl-11"/>
      </object_component>
      <object_component id="oc-14d">
         <name>.text:__TI_auto_init_nobinit_nopinit:__TI_auto_init_nobinit_nopinit</name>
         <load_address>0x35a0</load_address>
         <run_address>0x35a0</run_address>
         <size>0x44</size>
         <input_file_ref idref="fl-da"/>
      </object_component>
      <object_component id="oc-13a">
         <name>.text:EEPROMInit</name>
         <load_address>0x35e4</load_address>
         <run_address>0x35e4</run_address>
         <size>0x40</size>
         <input_file_ref idref="fl-c"/>
      </object_component>
      <object_component id="oc-122">
         <name>.text:SSIConfigSetExpClk</name>
         <load_address>0x3624</load_address>
         <run_address>0x3624</run_address>
         <size>0x3c</size>
         <input_file_ref idref="fl-f"/>
      </object_component>
      <object_component id="oc-1c8">
         <name>.text:_EEPROMSectorMaskSet</name>
         <load_address>0x3660</load_address>
         <run_address>0x3660</run_address>
         <size>0x3c</size>
         <input_file_ref idref="fl-c"/>
      </object_component>
      <object_component id="oc-dc">
         <name>.text:EEPROMRead</name>
         <load_address>0x369c</load_address>
         <run_address>0x369c</run_address>
         <size>0x38</size>
         <input_file_ref idref="fl-c"/>
      </object_component>
      <object_component id="oc-10a">
         <name>.text:SysCtlPeripheralEnable</name>
         <load_address>0x36d4</load_address>
         <run_address>0x36d4</run_address>
         <size>0x34</size>
         <input_file_ref idref="fl-10"/>
      </object_component>
      <object_component id="oc-1c2">
         <name>.text:_EEPROMSectorMaskClear</name>
         <load_address>0x3708</load_address>
         <run_address>0x3708</run_address>
         <size>0x34</size>
         <input_file_ref idref="fl-c"/>
      </object_component>
      <object_component id="oc-59">
         <name>.text:_c_int00_noargs:_c_int00_noargs</name>
         <load_address>0x373c</load_address>
         <run_address>0x373c</run_address>
         <size>0x34</size>
         <input_file_ref idref="fl-d6"/>
      </object_component>
      <object_component id="oc-1dc">
         <name>.text:GPIODirModeSet</name>
         <load_address>0x3770</load_address>
         <run_address>0x3770</run_address>
         <size>0x2c</size>
         <input_file_ref idref="fl-d"/>
      </object_component>
      <object_component id="oc-1ee">
         <name>.text:UARTDisable</name>
         <load_address>0x379c</load_address>
         <run_address>0x379c</run_address>
         <size>0x20</size>
         <input_file_ref idref="fl-11"/>
      </object_component>
      <object_component id="oc-47">
         <name>.text:decompress:ZI:__TI_zero_init_nomemset:__TI_zero_init_nomemset</name>
         <load_address>0x37bc</load_address>
         <run_address>0x37bc</run_address>
         <size>0x1c</size>
         <input_file_ref idref="fl-d2"/>
      </object_component>
      <object_component id="oc-11c">
         <name>.text:GPIOPinTypeGPIOOutput</name>
         <load_address>0x37d8</load_address>
         <run_address>0x37d8</run_address>
         <size>0x1a</size>
         <input_file_ref idref="fl-d"/>
      </object_component>
      <object_component id="oc-e2">
         <name>.text:strcmp</name>
         <load_address>0x37f2</load_address>
         <run_address>0x37f2</run_address>
         <size>0x18</size>
         <input_file_ref idref="fl-d5"/>
      </object_component>
      <object_component id="oc-116">
         <name>.text:GPIOPinTypeSSI</name>
         <load_address>0x380a</load_address>
         <run_address>0x380a</run_address>
         <size>0x16</size>
         <input_file_ref idref="fl-d"/>
      </object_component>
      <object_component id="oc-12e">
         <name>.text:GPIOPinTypeUART</name>
         <load_address>0x3820</load_address>
         <run_address>0x3820</run_address>
         <size>0x16</size>
         <input_file_ref idref="fl-d"/>
      </object_component>
      <object_component id="oc-1f4">
         <name>.text:UARTEnable</name>
         <load_address>0x3836</load_address>
         <run_address>0x3836</run_address>
         <size>0x14</size>
         <input_file_ref idref="fl-11"/>
      </object_component>
      <object_component id="oc-1fb">
         <name>.text:_EEPROMWaitForDone</name>
         <load_address>0x384c</load_address>
         <run_address>0x384c</run_address>
         <size>0x10</size>
         <input_file_ref idref="fl-c"/>
      </object_component>
      <object_component id="oc-1b">
         <name>.text:decompress:none:__TI_decompress_none</name>
         <load_address>0x385c</load_address>
         <run_address>0x385c</run_address>
         <size>0xe</size>
         <input_file_ref idref="fl-d3"/>
      </object_component>
      <object_component id="oc-1b4">
         <name>.text:SSIDataGet</name>
         <load_address>0x386a</load_address>
         <run_address>0x386a</run_address>
         <size>0xc</size>
         <input_file_ref idref="fl-f"/>
      </object_component>
      <object_component id="oc-27">
         <name>.text</name>
         <load_address>0x3876</load_address>
         <run_address>0x3876</run_address>
         <size>0xc</size>
         <input_file_ref idref="fl-6"/>
      </object_component>
      <object_component id="oc-18d">
         <name>.text:SSIDataPut</name>
         <load_address>0x3882</load_address>
         <run_address>0x3882</run_address>
         <size>0xa</size>
         <input_file_ref idref="fl-f"/>
      </object_component>
      <object_component id="oc-128">
         <name>.text:SSIEnable</name>
         <load_address>0x388c</load_address>
         <run_address>0x388c</run_address>
         <size>0xa</size>
         <input_file_ref idref="fl-f"/>
      </object_component>
      <object_component id="oc-e8">
         <name>.text:UARTCharPut</name>
         <load_address>0x3896</load_address>
         <run_address>0x3896</run_address>
         <size>0xa</size>
         <input_file_ref idref="fl-11"/>
      </object_component>
      <object_component id="oc-193">
         <name>.text:SSIBusy</name>
         <load_address>0x38a0</load_address>
         <run_address>0x38a0</run_address>
         <size>0x8</size>
         <input_file_ref idref="fl-f"/>
      </object_component>
      <object_component id="oc-d0">
         <name>.text:GPIOPinWrite</name>
         <load_address>0x38a8</load_address>
         <run_address>0x38a8</run_address>
         <size>0x6</size>
         <input_file_ref idref="fl-d"/>
      </object_component>
      <object_component id="oc-fd">
         <name>.text:SysCtlDelay</name>
         <load_address>0x38ae</load_address>
         <run_address>0x38ae</run_address>
         <size>0x6</size>
         <input_file_ref idref="fl-10"/>
      </object_component>
      <object_component id="oc-95">
         <name>.text:_system_pre_init</name>
         <load_address>0x38b4</load_address>
         <run_address>0x38b4</run_address>
         <size>0x4</size>
         <input_file_ref idref="fl-db"/>
      </object_component>
      <object_component id="oc-141">
         <name>.text:abort:abort</name>
         <load_address>0x38b8</load_address>
         <run_address>0x38b8</run_address>
         <size>0x4</size>
         <input_file_ref idref="fl-dd"/>
      </object_component>
      <object_component id="oc-1a9">
         <name>.const:.string:font</name>
         <load_address>0x38bc</load_address>
         <run_address>0x38bc</run_address>
         <size>0x4fb</size>
         <input_file_ref idref="fl-4"/>
      </object_component>
      <object_component id="oc-1d8">
         <name>.const:g_pui32GPIOBaseAddrs</name>
         <load_address>0x3db8</load_address>
         <run_address>0x3db8</run_address>
         <size>0x90</size>
         <input_file_ref idref="fl-d"/>
      </object_component>
      <object_component id="oc-1cf">
         <name>.const:g_pui32Xtals</name>
         <load_address>0x3e48</load_address>
         <run_address>0x3e48</run_address>
         <size>0x6c</size>
         <input_file_ref idref="fl-10"/>
      </object_component>
      <object_component id="oc-1a3">
         <name>.const:.string:initCommands</name>
         <load_address>0x3eb4</load_address>
         <run_address>0x3eb4</run_address>
         <size>0x37</size>
         <input_file_ref idref="fl-4"/>
      </object_component>
      <object_component id="oc-2b9">
         <name>.cinit..data.load</name>
         <load_address>0x3ef0</load_address>
         <run_address>0x3ef0</run_address>
         <size>0xd</size>
      </object_component>
      <object_component id="oc-2b7">
         <name>__TI_handler_table</name>
         <load_address>0x3f00</load_address>
         <run_address>0x3f00</run_address>
         <size>0xc</size>
      </object_component>
      <object_component id="oc-2ba">
         <name>.cinit..bss.load</name>
         <load_address>0x3f10</load_address>
         <run_address>0x3f10</run_address>
         <size>0x8</size>
      </object_component>
      <object_component id="oc-2b8">
         <name>__TI_cinit_table</name>
         <load_address>0x3f18</load_address>
         <run_address>0x3f18</run_address>
         <size>0x10</size>
      </object_component>
      <object_component id="oc-102">
         <name>.data:student</name>
         <load_address>0x20000283</load_address>
         <run_address>0x20000283</run_address>
         <size>0x4</size>
         <input_file_ref idref="fl-2"/>
      </object_component>
      <object_component id="oc-105">
         <name>.data:prof</name>
         <load_address>0x2000027f</load_address>
         <run_address>0x2000027f</run_address>
         <size>0x4</size>
         <input_file_ref idref="fl-2"/>
      </object_component>
      <object_component id="oc-ff">
         <name>.common:status</name>
         <uninitialized>true</uninitialized>
         <run_address>0x2000027d</run_address>
         <size>0x1</size>
      </object_component>
      <object_component id="oc-fe">
         <name>.common:str</name>
         <uninitialized>true</uninitialized>
         <run_address>0x20000240</run_address>
         <size>0x10</size>
      </object_component>
      <object_component id="oc-100">
         <name>.common:cardID</name>
         <uninitialized>true</uninitialized>
         <run_address>0x20000250</run_address>
         <size>0xc</size>
      </object_component>
      <object_component id="oc-f6">
         <name>.common:key</name>
         <uninitialized>true</uninitialized>
         <run_address>0x2000025c</run_address>
         <size>0x8</size>
      </object_component>
      <object_component id="oc-108">
         <name>.common:rollNo</name>
         <uninitialized>true</uninitialized>
         <run_address>0x20000230</run_address>
         <size>0x10</size>
      </object_component>
      <object_component id="oc-109">
         <name>.common:profName</name>
         <uninitialized>true</uninitialized>
         <run_address>0x20000220</run_address>
         <size>0x10</size>
      </object_component>
      <object_component id="oc-101">
         <name>.common:code</name>
         <uninitialized>true</uninitialized>
         <run_address>0x20000264</run_address>
         <size>0x4</size>
      </object_component>
      <object_component id="oc-ef">
         <name>.common:courseName</name>
         <uninitialized>true</uninitialized>
         <run_address>0x20000210</run_address>
         <size>0x10</size>
      </object_component>
      <object_component id="oc-ee">
         <name>.common:Course</name>
         <uninitialized>true</uninitialized>
         <run_address>0x20000200</run_address>
         <size>0x10</size>
      </object_component>
      <object_component id="oc-199">
         <name>.common:colstart</name>
         <uninitialized>true</uninitialized>
         <run_address>0x2000027a</run_address>
         <size>0x1</size>
      </object_component>
      <object_component id="oc-19c">
         <name>.common:rowstart</name>
         <uninitialized>true</uninitialized>
         <run_address>0x2000027c</run_address>
         <size>0x1</size>
      </object_component>
      <object_component id="oc-1a8">
         <name>.common:rotation</name>
         <uninitialized>true</uninitialized>
         <run_address>0x2000027b</run_address>
         <size>0x1</size>
      </object_component>
      <object_component id="oc-1a0">
         <name>.common:textsize</name>
         <uninitialized>true</uninitialized>
         <run_address>0x2000027e</run_address>
         <size>0x1</size>
      </object_component>
      <object_component id="oc-19d">
         <name>.common:wrap</name>
         <uninitialized>true</uninitialized>
         <run_address>0x20000278</run_address>
         <size>0x2</size>
      </object_component>
      <object_component id="oc-19e">
         <name>.common:cursor_y</name>
         <uninitialized>true</uninitialized>
         <run_address>0x20000272</run_address>
         <size>0x2</size>
      </object_component>
      <object_component id="oc-19f">
         <name>.common:cursor_x</name>
         <uninitialized>true</uninitialized>
         <run_address>0x20000270</run_address>
         <size>0x2</size>
      </object_component>
      <object_component id="oc-1a1">
         <name>.common:textcolour</name>
         <uninitialized>true</uninitialized>
         <run_address>0x20000276</run_address>
         <size>0x2</size>
      </object_component>
      <object_component id="oc-1a2">
         <name>.common:textbgcolour</name>
         <uninitialized>true</uninitialized>
         <run_address>0x20000274</run_address>
         <size>0x2</size>
      </object_component>
      <object_component id="oc-1a6">
         <name>.common:width</name>
         <uninitialized>true</uninitialized>
         <run_address>0x2000026c</run_address>
         <size>0x4</size>
      </object_component>
      <object_component id="oc-1a7">
         <name>.common:height</name>
         <uninitialized>true</uninitialized>
         <run_address>0x20000268</run_address>
         <size>0x4</size>
      </object_component>
      <object_component id="oc-24">
         <name>.stack</name>
         <uninitialized>true</uninitialized>
         <run_address>0x20000000</run_address>
         <size>0x4</size>
         <input_file_ref idref="fl-d6"/>
      </object_component>
      <object_component id="oc-2bc">
         <name>.stack</name>
         <uninitialized>true</uninitialized>
         <run_address>0x20000000</run_address>
         <size>0x0</size>
      </object_component>
      <object_component id="oc-b2">
         <name>.debug_info</name>
         <load_address>0x0</load_address>
         <run_address>0x0</run_address>
         <size>0x9b0</size>
         <input_file_ref idref="fl-2"/>
      </object_component>
      <object_component id="oc-103">
         <name>.debug_info</name>
         <load_address>0x9b0</load_address>
         <run_address>0x9b0</run_address>
         <size>0xd6</size>
         <input_file_ref idref="fl-2"/>
      </object_component>
      <object_component id="oc-106">
         <name>.debug_info</name>
         <load_address>0xa86</load_address>
         <run_address>0xa86</run_address>
         <size>0xd0</size>
         <input_file_ref idref="fl-2"/>
      </object_component>
      <object_component id="oc-9d">
         <name>.debug_info</name>
         <load_address>0xb56</load_address>
         <run_address>0xb56</run_address>
         <size>0x1374</size>
         <input_file_ref idref="fl-2"/>
      </object_component>
      <object_component id="oc-70">
         <name>.debug_info</name>
         <load_address>0x1eca</load_address>
         <run_address>0x1eca</run_address>
         <size>0x26b</size>
         <input_file_ref idref="fl-2"/>
      </object_component>
      <object_component id="oc-36">
         <name>.debug_info</name>
         <load_address>0x2135</load_address>
         <run_address>0x2135</run_address>
         <size>0x84</size>
         <input_file_ref idref="fl-2"/>
      </object_component>
      <object_component id="oc-ad">
         <name>.debug_info</name>
         <load_address>0x21b9</load_address>
         <run_address>0x21b9</run_address>
         <size>0x2a4</size>
         <input_file_ref idref="fl-2"/>
      </object_component>
      <object_component id="oc-75">
         <name>.debug_info</name>
         <load_address>0x245d</load_address>
         <run_address>0x245d</run_address>
         <size>0xbb</size>
         <input_file_ref idref="fl-2"/>
      </object_component>
      <object_component id="oc-bb">
         <name>.debug_info</name>
         <load_address>0x2518</load_address>
         <run_address>0x2518</run_address>
         <size>0x2c</size>
         <input_file_ref idref="fl-2"/>
      </object_component>
      <object_component id="oc-181">
         <name>.debug_info</name>
         <load_address>0x2544</load_address>
         <run_address>0x2544</run_address>
         <size>0x35</size>
         <input_file_ref idref="fl-2"/>
      </object_component>
      <object_component id="oc-1bb">
         <name>.debug_info</name>
         <load_address>0x2579</load_address>
         <run_address>0x2579</run_address>
         <size>0x3a5</size>
         <input_file_ref idref="fl-3"/>
      </object_component>
      <object_component id="oc-d7">
         <name>.debug_info</name>
         <load_address>0x291e</load_address>
         <run_address>0x291e</run_address>
         <size>0x1292</size>
         <input_file_ref idref="fl-3"/>
      </object_component>
      <object_component id="oc-1ad">
         <name>.debug_info</name>
         <load_address>0x3bb0</load_address>
         <run_address>0x3bb0</run_address>
         <size>0x8b</size>
         <input_file_ref idref="fl-3"/>
      </object_component>
      <object_component id="oc-19a">
         <name>.debug_info</name>
         <load_address>0x3c3b</load_address>
         <run_address>0x3c3b</run_address>
         <size>0x664</size>
         <input_file_ref idref="fl-4"/>
      </object_component>
      <object_component id="oc-1aa">
         <name>.debug_info</name>
         <load_address>0x429f</load_address>
         <run_address>0x429f</run_address>
         <size>0xc8</size>
         <input_file_ref idref="fl-4"/>
      </object_component>
      <object_component id="oc-1a4">
         <name>.debug_info</name>
         <load_address>0x4367</load_address>
         <run_address>0x4367</run_address>
         <size>0xd8</size>
         <input_file_ref idref="fl-4"/>
      </object_component>
      <object_component id="oc-cc">
         <name>.debug_info</name>
         <load_address>0x443f</load_address>
         <run_address>0x443f</run_address>
         <size>0x25da</size>
         <input_file_ref idref="fl-4"/>
      </object_component>
      <object_component id="oc-2f">
         <name>.debug_info</name>
         <load_address>0x6a19</load_address>
         <run_address>0x6a19</run_address>
         <size>0x2ac</size>
         <input_file_ref idref="fl-6"/>
      </object_component>
      <object_component id="oc-13">
         <name>.debug_info</name>
         <load_address>0x6cc5</load_address>
         <run_address>0x6cc5</run_address>
         <size>0xeb</size>
         <input_file_ref idref="fl-6"/>
      </object_component>
      <object_component id="oc-2a">
         <name>.debug_info</name>
         <load_address>0x6db0</load_address>
         <run_address>0x6db0</run_address>
         <size>0x267</size>
         <input_file_ref idref="fl-6"/>
      </object_component>
      <object_component id="oc-1bd">
         <name>.debug_info</name>
         <load_address>0x7017</load_address>
         <run_address>0x7017</run_address>
         <size>0x350</size>
         <input_file_ref idref="fl-c"/>
      </object_component>
      <object_component id="oc-df">
         <name>.debug_info</name>
         <load_address>0x7367</load_address>
         <run_address>0x7367</run_address>
         <size>0x2ce</size>
         <input_file_ref idref="fl-c"/>
      </object_component>
      <object_component id="oc-1cb">
         <name>.debug_info</name>
         <load_address>0x7635</load_address>
         <run_address>0x7635</run_address>
         <size>0x2ba</size>
         <input_file_ref idref="fl-c"/>
      </object_component>
      <object_component id="oc-1c5">
         <name>.debug_info</name>
         <load_address>0x78ef</load_address>
         <run_address>0x78ef</run_address>
         <size>0x280</size>
         <input_file_ref idref="fl-c"/>
      </object_component>
      <object_component id="oc-f4">
         <name>.debug_info</name>
         <load_address>0x7b6f</load_address>
         <run_address>0x7b6f</run_address>
         <size>0x37f</size>
         <input_file_ref idref="fl-c"/>
      </object_component>
      <object_component id="oc-1ff">
         <name>.debug_info</name>
         <load_address>0x7eee</load_address>
         <run_address>0x7eee</run_address>
         <size>0x230</size>
         <input_file_ref idref="fl-c"/>
      </object_component>
      <object_component id="oc-13e">
         <name>.debug_info</name>
         <load_address>0x811e</load_address>
         <run_address>0x811e</run_address>
         <size>0x2d1</size>
         <input_file_ref idref="fl-c"/>
      </object_component>
      <object_component id="oc-238">
         <name>.debug_info</name>
         <load_address>0x83ef</load_address>
         <run_address>0x83ef</run_address>
         <size>0x26b</size>
         <input_file_ref idref="fl-c"/>
      </object_component>
      <object_component id="oc-228">
         <name>.debug_info</name>
         <load_address>0x865a</load_address>
         <run_address>0x865a</run_address>
         <size>0x297</size>
         <input_file_ref idref="fl-c"/>
      </object_component>
      <object_component id="oc-233">
         <name>.debug_info</name>
         <load_address>0x88f1</load_address>
         <run_address>0x88f1</run_address>
         <size>0xef</size>
         <input_file_ref idref="fl-c"/>
      </object_component>
      <object_component id="oc-187">
         <name>.debug_info</name>
         <load_address>0x89e0</load_address>
         <run_address>0x89e0</run_address>
         <size>0xbb</size>
         <input_file_ref idref="fl-c"/>
      </object_component>
      <object_component id="oc-1b3">
         <name>.debug_info</name>
         <load_address>0x8a9b</load_address>
         <run_address>0x8a9b</run_address>
         <size>0x3e4</size>
         <input_file_ref idref="fl-d"/>
      </object_component>
      <object_component id="oc-1d9">
         <name>.debug_info</name>
         <load_address>0x8e7f</load_address>
         <run_address>0x8e7f</run_address>
         <size>0x164</size>
         <input_file_ref idref="fl-d"/>
      </object_component>
      <object_component id="oc-d4">
         <name>.debug_info</name>
         <load_address>0x8fe3</load_address>
         <run_address>0x8fe3</run_address>
         <size>0x2ac</size>
         <input_file_ref idref="fl-d"/>
      </object_component>
      <object_component id="oc-1e0">
         <name>.debug_info</name>
         <load_address>0x928f</load_address>
         <run_address>0x928f</run_address>
         <size>0x2bc</size>
         <input_file_ref idref="fl-d"/>
      </object_component>
      <object_component id="oc-1e6">
         <name>.debug_info</name>
         <load_address>0x954b</load_address>
         <run_address>0x954b</run_address>
         <size>0x31f</size>
         <input_file_ref idref="fl-d"/>
      </object_component>
      <object_component id="oc-132">
         <name>.debug_info</name>
         <load_address>0x986a</load_address>
         <run_address>0x986a</run_address>
         <size>0x29b</size>
         <input_file_ref idref="fl-d"/>
      </object_component>
      <object_component id="oc-11a">
         <name>.debug_info</name>
         <load_address>0x9b05</load_address>
         <run_address>0x9b05</run_address>
         <size>0x299</size>
         <input_file_ref idref="fl-d"/>
      </object_component>
      <object_component id="oc-120">
         <name>.debug_info</name>
         <load_address>0x9d9e</load_address>
         <run_address>0x9d9e</run_address>
         <size>0x2c0</size>
         <input_file_ref idref="fl-d"/>
      </object_component>
      <object_component id="oc-114">
         <name>.debug_info</name>
         <load_address>0xa05e</load_address>
         <run_address>0xa05e</run_address>
         <size>0x289</size>
         <input_file_ref idref="fl-d"/>
      </object_component>
      <object_component id="oc-1eb">
         <name>.debug_info</name>
         <load_address>0xa2e7</load_address>
         <run_address>0xa2e7</run_address>
         <size>0x3c0</size>
         <input_file_ref idref="fl-f"/>
      </object_component>
      <object_component id="oc-129">
         <name>.debug_info</name>
         <load_address>0xa6a7</load_address>
         <run_address>0xa6a7</run_address>
         <size>0x24b</size>
         <input_file_ref idref="fl-f"/>
      </object_component>
      <object_component id="oc-18e">
         <name>.debug_info</name>
         <load_address>0xa8f2</load_address>
         <run_address>0xa8f2</run_address>
         <size>0x27f</size>
         <input_file_ref idref="fl-f"/>
      </object_component>
      <object_component id="oc-1b5">
         <name>.debug_info</name>
         <load_address>0xab71</load_address>
         <run_address>0xab71</run_address>
         <size>0x283</size>
         <input_file_ref idref="fl-f"/>
      </object_component>
      <object_component id="oc-123">
         <name>.debug_info</name>
         <load_address>0xadf4</load_address>
         <run_address>0xadf4</run_address>
         <size>0x3e2</size>
         <input_file_ref idref="fl-f"/>
      </object_component>
      <object_component id="oc-194">
         <name>.debug_info</name>
         <load_address>0xb1d6</load_address>
         <run_address>0xb1d6</run_address>
         <size>0x24b</size>
         <input_file_ref idref="fl-f"/>
      </object_component>
      <object_component id="oc-18c">
         <name>.debug_info</name>
         <load_address>0xb421</load_address>
         <run_address>0xb421</run_address>
         <size>0x441</size>
         <input_file_ref idref="fl-10"/>
      </object_component>
      <object_component id="oc-1d0">
         <name>.debug_info</name>
         <load_address>0xb862</load_address>
         <run_address>0xb862</run_address>
         <size>0x156</size>
         <input_file_ref idref="fl-10"/>
      </object_component>
      <object_component id="oc-202">
         <name>.debug_info</name>
         <load_address>0xb9b8</load_address>
         <run_address>0xb9b8</run_address>
         <size>0x29e</size>
         <input_file_ref idref="fl-10"/>
      </object_component>
      <object_component id="oc-10b">
         <name>.debug_info</name>
         <load_address>0xbc56</load_address>
         <run_address>0xbc56</run_address>
         <size>0x286</size>
         <input_file_ref idref="fl-10"/>
      </object_component>
      <object_component id="oc-c5">
         <name>.debug_info</name>
         <load_address>0xbedc</load_address>
         <run_address>0xbedc</run_address>
         <size>0x2e4</size>
         <input_file_ref idref="fl-10"/>
      </object_component>
      <object_component id="oc-f8">
         <name>.debug_info</name>
         <load_address>0xc1c0</load_address>
         <run_address>0xc1c0</run_address>
         <size>0x2be</size>
         <input_file_ref idref="fl-10"/>
      </object_component>
      <object_component id="oc-22f">
         <name>.debug_info</name>
         <load_address>0xc47e</load_address>
         <run_address>0xc47e</run_address>
         <size>0x51</size>
         <input_file_ref idref="fl-10"/>
      </object_component>
      <object_component id="oc-1c1">
         <name>.debug_info</name>
         <load_address>0xc4cf</load_address>
         <run_address>0xc4cf</run_address>
         <size>0x3cb</size>
         <input_file_ref idref="fl-11"/>
      </object_component>
      <object_component id="oc-1f5">
         <name>.debug_info</name>
         <load_address>0xc89a</load_address>
         <run_address>0xc89a</run_address>
         <size>0x250</size>
         <input_file_ref idref="fl-11"/>
      </object_component>
      <object_component id="oc-1ef">
         <name>.debug_info</name>
         <load_address>0xcaea</load_address>
         <run_address>0xcaea</run_address>
         <size>0x252</size>
         <input_file_ref idref="fl-11"/>
      </object_component>
      <object_component id="oc-135">
         <name>.debug_info</name>
         <load_address>0xcd3c</load_address>
         <run_address>0xcd3c</run_address>
         <size>0x32f</size>
         <input_file_ref idref="fl-11"/>
      </object_component>
      <object_component id="oc-e9">
         <name>.debug_info</name>
         <load_address>0xd06b</load_address>
         <run_address>0xd06b</run_address>
         <size>0x27c</size>
         <input_file_ref idref="fl-11"/>
      </object_component>
      <object_component id="oc-3c">
         <name>.debug_info</name>
         <load_address>0xd2e7</load_address>
         <run_address>0xd2e7</run_address>
         <size>0x119</size>
         <input_file_ref idref="fl-d1"/>
      </object_component>
      <object_component id="oc-8e">
         <name>.debug_info</name>
         <load_address>0xd400</load_address>
         <run_address>0xd400</run_address>
         <size>0x2d4</size>
         <input_file_ref idref="fl-d2"/>
      </object_component>
      <object_component id="oc-4b">
         <name>.debug_info</name>
         <load_address>0xd6d4</load_address>
         <run_address>0xd6d4</run_address>
         <size>0x1d2</size>
         <input_file_ref idref="fl-d2"/>
      </object_component>
      <object_component id="oc-89">
         <name>.debug_info</name>
         <load_address>0xd8a6</load_address>
         <run_address>0xd8a6</run_address>
         <size>0x46</size>
         <input_file_ref idref="fl-d2"/>
      </object_component>
      <object_component id="oc-46">
         <name>.debug_info</name>
         <load_address>0xd8ec</load_address>
         <run_address>0xd8ec</run_address>
         <size>0x2a8</size>
         <input_file_ref idref="fl-d3"/>
      </object_component>
      <object_component id="oc-1c">
         <name>.debug_info</name>
         <load_address>0xdb94</load_address>
         <run_address>0xdb94</run_address>
         <size>0x1ea</size>
         <input_file_ref idref="fl-d3"/>
      </object_component>
      <object_component id="oc-41">
         <name>.debug_info</name>
         <load_address>0xdd7e</load_address>
         <run_address>0xdd7e</run_address>
         <size>0x46</size>
         <input_file_ref idref="fl-d3"/>
      </object_component>
      <object_component id="oc-81">
         <name>.debug_info</name>
         <load_address>0xddc4</load_address>
         <run_address>0xddc4</run_address>
         <size>0x2c</size>
         <input_file_ref idref="fl-d3"/>
      </object_component>
      <object_component id="oc-7f">
         <name>.debug_info</name>
         <load_address>0xddf0</load_address>
         <run_address>0xddf0</run_address>
         <size>0x29e</size>
         <input_file_ref idref="fl-d4"/>
      </object_component>
      <object_component id="oc-16">
         <name>.debug_info</name>
         <load_address>0xe08e</load_address>
         <run_address>0xe08e</run_address>
         <size>0x250</size>
         <input_file_ref idref="fl-d4"/>
      </object_component>
      <object_component id="oc-31">
         <name>.debug_info</name>
         <load_address>0xe2de</load_address>
         <run_address>0xe2de</run_address>
         <size>0x60</size>
         <input_file_ref idref="fl-d4"/>
      </object_component>
      <object_component id="oc-b4">
         <name>.debug_info</name>
         <load_address>0xe33e</load_address>
         <run_address>0xe33e</run_address>
         <size>0x46</size>
         <input_file_ref idref="fl-d4"/>
      </object_component>
      <object_component id="oc-7a">
         <name>.debug_info</name>
         <load_address>0xe384</load_address>
         <run_address>0xe384</run_address>
         <size>0x39</size>
         <input_file_ref idref="fl-d4"/>
      </object_component>
      <object_component id="oc-1bf">
         <name>.debug_info</name>
         <load_address>0xe3bd</load_address>
         <run_address>0xe3bd</run_address>
         <size>0x28a</size>
         <input_file_ref idref="fl-d5"/>
      </object_component>
      <object_component id="oc-e3">
         <name>.debug_info</name>
         <load_address>0xe647</load_address>
         <run_address>0xe647</run_address>
         <size>0x273</size>
         <input_file_ref idref="fl-d5"/>
      </object_component>
      <object_component id="oc-25">
         <name>.debug_info</name>
         <load_address>0xe8ba</load_address>
         <run_address>0xe8ba</run_address>
         <size>0x10b</size>
         <input_file_ref idref="fl-d6"/>
      </object_component>
      <object_component id="oc-5b">
         <name>.debug_info</name>
         <load_address>0xe9c5</load_address>
         <run_address>0xe9c5</run_address>
         <size>0x1a9</size>
         <input_file_ref idref="fl-d6"/>
      </object_component>
      <object_component id="oc-213">
         <name>.debug_info</name>
         <load_address>0xeb6e</load_address>
         <run_address>0xeb6e</run_address>
         <size>0x4b3</size>
         <input_file_ref idref="fl-da"/>
      </object_component>
      <object_component id="oc-14e">
         <name>.debug_info</name>
         <load_address>0xf021</load_address>
         <run_address>0xf021</run_address>
         <size>0x1a6</size>
         <input_file_ref idref="fl-da"/>
      </object_component>
      <object_component id="oc-26e">
         <name>.debug_info</name>
         <load_address>0xf1c7</load_address>
         <run_address>0xf1c7</run_address>
         <size>0x39</size>
         <input_file_ref idref="fl-da"/>
      </object_component>
      <object_component id="oc-282">
         <name>.debug_info</name>
         <load_address>0xf200</load_address>
         <run_address>0xf200</run_address>
         <size>0x39</size>
         <input_file_ref idref="fl-da"/>
      </object_component>
      <object_component id="oc-273">
         <name>.debug_info</name>
         <load_address>0xf239</load_address>
         <run_address>0xf239</run_address>
         <size>0x39</size>
         <input_file_ref idref="fl-da"/>
      </object_component>
      <object_component id="oc-278">
         <name>.debug_info</name>
         <load_address>0xf272</load_address>
         <run_address>0xf272</run_address>
         <size>0xcd</size>
         <input_file_ref idref="fl-da"/>
      </object_component>
      <object_component id="oc-96">
         <name>.debug_info</name>
         <load_address>0xf33f</load_address>
         <run_address>0xf33f</run_address>
         <size>0x153</size>
         <input_file_ref idref="fl-db"/>
      </object_component>
      <object_component id="oc-142">
         <name>.debug_info</name>
         <load_address>0xf492</load_address>
         <run_address>0xf492</run_address>
         <size>0x122</size>
         <input_file_ref idref="fl-dd"/>
      </object_component>
      <object_component id="oc-2bd">
         <name>.debug_info</name>
         <load_address>0xf5b4</load_address>
         <run_address>0xf5b4</run_address>
         <size>0x9e</size>
      </object_component>
      <object_component id="oc-180">
         <name>.debug_line</name>
         <load_address>0x0</load_address>
         <run_address>0x0</run_address>
         <size>0x1b1</size>
         <input_file_ref idref="fl-2"/>
      </object_component>
      <object_component id="oc-1d4">
         <name>.debug_line</name>
         <load_address>0x1b1</load_address>
         <run_address>0x1b1</run_address>
         <size>0x36</size>
         <input_file_ref idref="fl-2"/>
      </object_component>
      <object_component id="oc-1d6">
         <name>.debug_line</name>
         <load_address>0x1e7</load_address>
         <run_address>0x1e7</run_address>
         <size>0x36</size>
         <input_file_ref idref="fl-2"/>
      </object_component>
      <object_component id="oc-9c">
         <name>.debug_line</name>
         <load_address>0x21d</load_address>
         <run_address>0x21d</run_address>
         <size>0x308</size>
         <input_file_ref idref="fl-2"/>
      </object_component>
      <object_component id="oc-73">
         <name>.debug_line</name>
         <load_address>0x525</load_address>
         <run_address>0x525</run_address>
         <size>0x6f</size>
         <input_file_ref idref="fl-2"/>
      </object_component>
      <object_component id="oc-39">
         <name>.debug_line</name>
         <load_address>0x594</load_address>
         <run_address>0x594</run_address>
         <size>0x20</size>
         <input_file_ref idref="fl-2"/>
      </object_component>
      <object_component id="oc-b0">
         <name>.debug_line</name>
         <load_address>0x5b4</load_address>
         <run_address>0x5b4</run_address>
         <size>0x73</size>
         <input_file_ref idref="fl-2"/>
      </object_component>
      <object_component id="oc-78">
         <name>.debug_line</name>
         <load_address>0x627</load_address>
         <run_address>0x627</run_address>
         <size>0x70</size>
         <input_file_ref idref="fl-2"/>
      </object_component>
      <object_component id="oc-be">
         <name>.debug_line</name>
         <load_address>0x697</load_address>
         <run_address>0x697</run_address>
         <size>0x6b</size>
         <input_file_ref idref="fl-2"/>
      </object_component>
      <object_component id="oc-184">
         <name>.debug_line</name>
         <load_address>0x702</load_address>
         <run_address>0x702</run_address>
         <size>0x74</size>
         <input_file_ref idref="fl-2"/>
      </object_component>
      <object_component id="oc-249">
         <name>.debug_line</name>
         <load_address>0x776</load_address>
         <run_address>0x776</run_address>
         <size>0x8b</size>
         <input_file_ref idref="fl-3"/>
      </object_component>
      <object_component id="oc-da">
         <name>.debug_line</name>
         <load_address>0x801</load_address>
         <run_address>0x801</run_address>
         <size>0x3ae</size>
         <input_file_ref idref="fl-3"/>
      </object_component>
      <object_component id="oc-1b0">
         <name>.debug_line</name>
         <load_address>0xbaf</load_address>
         <run_address>0xbaf</run_address>
         <size>0x20</size>
         <input_file_ref idref="fl-3"/>
      </object_component>
      <object_component id="oc-240">
         <name>.debug_line</name>
         <load_address>0xbcf</load_address>
         <run_address>0xbcf</run_address>
         <size>0xd2</size>
         <input_file_ref idref="fl-4"/>
      </object_component>
      <object_component id="oc-244">
         <name>.debug_line</name>
         <load_address>0xca1</load_address>
         <run_address>0xca1</run_address>
         <size>0x2f</size>
         <input_file_ref idref="fl-4"/>
      </object_component>
      <object_component id="oc-242">
         <name>.debug_line</name>
         <load_address>0xcd0</load_address>
         <run_address>0xcd0</run_address>
         <size>0x2f</size>
         <input_file_ref idref="fl-4"/>
      </object_component>
      <object_component id="oc-cb">
         <name>.debug_line</name>
         <load_address>0xcff</load_address>
         <run_address>0xcff</run_address>
         <size>0x7c6</size>
         <input_file_ref idref="fl-4"/>
      </object_component>
      <object_component id="oc-6f">
         <name>.debug_line</name>
         <load_address>0x14c5</load_address>
         <run_address>0x14c5</run_address>
         <size>0x41</size>
         <input_file_ref idref="fl-6"/>
      </object_component>
      <object_component id="oc-2e">
         <name>.debug_line</name>
         <load_address>0x1506</load_address>
         <run_address>0x1506</run_address>
         <size>0x41</size>
         <input_file_ref idref="fl-6"/>
      </object_component>
      <object_component id="oc-2c">
         <name>.debug_line</name>
         <load_address>0x1547</load_address>
         <run_address>0x1547</run_address>
         <size>0xa1</size>
         <input_file_ref idref="fl-6"/>
      </object_component>
      <object_component id="oc-24b">
         <name>.debug_line</name>
         <load_address>0x15e8</load_address>
         <run_address>0x15e8</run_address>
         <size>0x7f</size>
         <input_file_ref idref="fl-c"/>
      </object_component>
      <object_component id="oc-e1">
         <name>.debug_line</name>
         <load_address>0x1667</load_address>
         <run_address>0x1667</run_address>
         <size>0xac</size>
         <input_file_ref idref="fl-c"/>
      </object_component>
      <object_component id="oc-1cd">
         <name>.debug_line</name>
         <load_address>0x1713</load_address>
         <run_address>0x1713</run_address>
         <size>0x9a</size>
         <input_file_ref idref="fl-c"/>
      </object_component>
      <object_component id="oc-1c7">
         <name>.debug_line</name>
         <load_address>0x17ad</load_address>
         <run_address>0x17ad</run_address>
         <size>0x9b</size>
         <input_file_ref idref="fl-c"/>
      </object_component>
      <object_component id="oc-f3">
         <name>.debug_line</name>
         <load_address>0x1848</load_address>
         <run_address>0x1848</run_address>
         <size>0xed</size>
         <input_file_ref idref="fl-c"/>
      </object_component>
      <object_component id="oc-1fe">
         <name>.debug_line</name>
         <load_address>0x1935</load_address>
         <run_address>0x1935</run_address>
         <size>0x94</size>
         <input_file_ref idref="fl-c"/>
      </object_component>
      <object_component id="oc-13d">
         <name>.debug_line</name>
         <load_address>0x19c9</load_address>
         <run_address>0x19c9</run_address>
         <size>0xa0</size>
         <input_file_ref idref="fl-c"/>
      </object_component>
      <object_component id="oc-23b">
         <name>.debug_line</name>
         <load_address>0x1a69</load_address>
         <run_address>0x1a69</run_address>
         <size>0x71</size>
         <input_file_ref idref="fl-c"/>
      </object_component>
      <object_component id="oc-22b">
         <name>.debug_line</name>
         <load_address>0x1ada</load_address>
         <run_address>0x1ada</run_address>
         <size>0x75</size>
         <input_file_ref idref="fl-c"/>
      </object_component>
      <object_component id="oc-236">
         <name>.debug_line</name>
         <load_address>0x1b4f</load_address>
         <run_address>0x1b4f</run_address>
         <size>0x71</size>
         <input_file_ref idref="fl-c"/>
      </object_component>
      <object_component id="oc-18a">
         <name>.debug_line</name>
         <load_address>0x1bc0</load_address>
         <run_address>0x1bc0</run_address>
         <size>0x72</size>
         <input_file_ref idref="fl-c"/>
      </object_component>
      <object_component id="oc-246">
         <name>.debug_line</name>
         <load_address>0x1c32</load_address>
         <run_address>0x1c32</run_address>
         <size>0x82</size>
         <input_file_ref idref="fl-d"/>
      </object_component>
      <object_component id="oc-255">
         <name>.debug_line</name>
         <load_address>0x1cb4</load_address>
         <run_address>0x1cb4</run_address>
         <size>0x7d</size>
         <input_file_ref idref="fl-d"/>
      </object_component>
      <object_component id="oc-d1">
         <name>.debug_line</name>
         <load_address>0x1d31</load_address>
         <run_address>0x1d31</run_address>
         <size>0x92</size>
         <input_file_ref idref="fl-d"/>
      </object_component>
      <object_component id="oc-1dd">
         <name>.debug_line</name>
         <load_address>0x1dc3</load_address>
         <run_address>0x1dc3</run_address>
         <size>0x95</size>
         <input_file_ref idref="fl-d"/>
      </object_component>
      <object_component id="oc-1e3">
         <name>.debug_line</name>
         <load_address>0x1e58</load_address>
         <run_address>0x1e58</run_address>
         <size>0xc4</size>
         <input_file_ref idref="fl-d"/>
      </object_component>
      <object_component id="oc-12f">
         <name>.debug_line</name>
         <load_address>0x1f1c</load_address>
         <run_address>0x1f1c</run_address>
         <size>0x99</size>
         <input_file_ref idref="fl-d"/>
      </object_component>
      <object_component id="oc-117">
         <name>.debug_line</name>
         <load_address>0x1fb5</load_address>
         <run_address>0x1fb5</run_address>
         <size>0x99</size>
         <input_file_ref idref="fl-d"/>
      </object_component>
      <object_component id="oc-11d">
         <name>.debug_line</name>
         <load_address>0x204e</load_address>
         <run_address>0x204e</run_address>
         <size>0x99</size>
         <input_file_ref idref="fl-d"/>
      </object_component>
      <object_component id="oc-111">
         <name>.debug_line</name>
         <load_address>0x20e7</load_address>
         <run_address>0x20e7</run_address>
         <size>0xa7</size>
         <input_file_ref idref="fl-d"/>
      </object_component>
      <object_component id="oc-259">
         <name>.debug_line</name>
         <load_address>0x218e</load_address>
         <run_address>0x218e</run_address>
         <size>0x82</size>
         <input_file_ref idref="fl-f"/>
      </object_component>
      <object_component id="oc-12c">
         <name>.debug_line</name>
         <load_address>0x2210</load_address>
         <run_address>0x2210</run_address>
         <size>0x91</size>
         <input_file_ref idref="fl-f"/>
      </object_component>
      <object_component id="oc-192">
         <name>.debug_line</name>
         <load_address>0x22a1</load_address>
         <run_address>0x22a1</run_address>
         <size>0x94</size>
         <input_file_ref idref="fl-f"/>
      </object_component>
      <object_component id="oc-1b8">
         <name>.debug_line</name>
         <load_address>0x2335</load_address>
         <run_address>0x2335</run_address>
         <size>0x94</size>
         <input_file_ref idref="fl-f"/>
      </object_component>
      <object_component id="oc-126">
         <name>.debug_line</name>
         <load_address>0x23c9</load_address>
         <run_address>0x23c9</run_address>
         <size>0xa3</size>
         <input_file_ref idref="fl-f"/>
      </object_component>
      <object_component id="oc-198">
         <name>.debug_line</name>
         <load_address>0x246c</load_address>
         <run_address>0x246c</run_address>
         <size>0x91</size>
         <input_file_ref idref="fl-f"/>
      </object_component>
      <object_component id="oc-22e">
         <name>.debug_line</name>
         <load_address>0x24fd</load_address>
         <run_address>0x24fd</run_address>
         <size>0x13d</size>
         <input_file_ref idref="fl-10"/>
      </object_component>
      <object_component id="oc-253">
         <name>.debug_line</name>
         <load_address>0x263a</load_address>
         <run_address>0x263a</run_address>
         <size>0x7f</size>
         <input_file_ref idref="fl-10"/>
      </object_component>
      <object_component id="oc-205">
         <name>.debug_line</name>
         <load_address>0x26b9</load_address>
         <run_address>0x26b9</run_address>
         <size>0xa7</size>
         <input_file_ref idref="fl-10"/>
      </object_component>
      <object_component id="oc-10e">
         <name>.debug_line</name>
         <load_address>0x2760</load_address>
         <run_address>0x2760</run_address>
         <size>0x94</size>
         <input_file_ref idref="fl-10"/>
      </object_component>
      <object_component id="oc-c8">
         <name>.debug_line</name>
         <load_address>0x27f4</load_address>
         <run_address>0x27f4</run_address>
         <size>0xee</size>
         <input_file_ref idref="fl-10"/>
      </object_component>
      <object_component id="oc-fb">
         <name>.debug_line</name>
         <load_address>0x28e2</load_address>
         <run_address>0x28e2</run_address>
         <size>0x118</size>
         <input_file_ref idref="fl-10"/>
      </object_component>
      <object_component id="oc-231">
         <name>.debug_line</name>
         <load_address>0x29fa</load_address>
         <run_address>0x29fa</run_address>
         <size>0x7f</size>
         <input_file_ref idref="fl-10"/>
      </object_component>
      <object_component id="oc-24f">
         <name>.debug_line</name>
         <load_address>0x2a79</load_address>
         <run_address>0x2a79</run_address>
         <size>0x82</size>
         <input_file_ref idref="fl-11"/>
      </object_component>
      <object_component id="oc-1f8">
         <name>.debug_line</name>
         <load_address>0x2afb</load_address>
         <run_address>0x2afb</run_address>
         <size>0x93</size>
         <input_file_ref idref="fl-11"/>
      </object_component>
      <object_component id="oc-1f2">
         <name>.debug_line</name>
         <load_address>0x2b8e</load_address>
         <run_address>0x2b8e</run_address>
         <size>0x96</size>
         <input_file_ref idref="fl-11"/>
      </object_component>
      <object_component id="oc-138">
         <name>.debug_line</name>
         <load_address>0x2c24</load_address>
         <run_address>0x2c24</run_address>
         <size>0xb3</size>
         <input_file_ref idref="fl-11"/>
      </object_component>
      <object_component id="oc-ec">
         <name>.debug_line</name>
         <load_address>0x2cd7</load_address>
         <run_address>0x2cd7</run_address>
         <size>0x93</size>
         <input_file_ref idref="fl-11"/>
      </object_component>
      <object_component id="oc-3f">
         <name>.debug_line</name>
         <load_address>0x2d6a</load_address>
         <run_address>0x2d6a</run_address>
         <size>0x88</size>
         <input_file_ref idref="fl-d1"/>
      </object_component>
      <object_component id="oc-c1">
         <name>.debug_line</name>
         <load_address>0x2df2</load_address>
         <run_address>0x2df2</run_address>
         <size>0x92</size>
         <input_file_ref idref="fl-d2"/>
      </object_component>
      <object_component id="oc-48">
         <name>.debug_line</name>
         <load_address>0x2e84</load_address>
         <run_address>0x2e84</run_address>
         <size>0x4c</size>
         <input_file_ref idref="fl-d2"/>
      </object_component>
      <object_component id="oc-8c">
         <name>.debug_line</name>
         <load_address>0x2ed0</load_address>
         <run_address>0x2ed0</run_address>
         <size>0x34</size>
         <input_file_ref idref="fl-d2"/>
      </object_component>
      <object_component id="oc-87">
         <name>.debug_line</name>
         <load_address>0x2f04</load_address>
         <run_address>0x2f04</run_address>
         <size>0x20</size>
         <input_file_ref idref="fl-d3"/>
      </object_component>
      <object_component id="oc-1f">
         <name>.debug_line</name>
         <load_address>0x2f24</load_address>
         <run_address>0x2f24</run_address>
         <size>0x55</size>
         <input_file_ref idref="fl-d3"/>
      </object_component>
      <object_component id="oc-44">
         <name>.debug_line</name>
         <load_address>0x2f79</load_address>
         <run_address>0x2f79</run_address>
         <size>0x3a</size>
         <input_file_ref idref="fl-d3"/>
      </object_component>
      <object_component id="oc-84">
         <name>.debug_line</name>
         <load_address>0x2fb3</load_address>
         <run_address>0x2fb3</run_address>
         <size>0x92</size>
         <input_file_ref idref="fl-d3"/>
      </object_component>
      <object_component id="oc-ba">
         <name>.debug_line</name>
         <load_address>0x3045</load_address>
         <run_address>0x3045</run_address>
         <size>0x20</size>
         <input_file_ref idref="fl-d4"/>
      </object_component>
      <object_component id="oc-19">
         <name>.debug_line</name>
         <load_address>0x3065</load_address>
         <run_address>0x3065</run_address>
         <size>0xa9</size>
         <input_file_ref idref="fl-d4"/>
      </object_component>
      <object_component id="oc-34">
         <name>.debug_line</name>
         <load_address>0x310e</load_address>
         <run_address>0x310e</run_address>
         <size>0x3a</size>
         <input_file_ref idref="fl-d4"/>
      </object_component>
      <object_component id="oc-b7">
         <name>.debug_line</name>
         <load_address>0x3148</load_address>
         <run_address>0x3148</run_address>
         <size>0x9a</size>
         <input_file_ref idref="fl-d4"/>
      </object_component>
      <object_component id="oc-7d">
         <name>.debug_line</name>
         <load_address>0x31e2</load_address>
         <run_address>0x31e2</run_address>
         <size>0x96</size>
         <input_file_ref idref="fl-d4"/>
      </object_component>
      <object_component id="oc-24d">
         <name>.debug_line</name>
         <load_address>0x3278</load_address>
         <run_address>0x3278</run_address>
         <size>0x20</size>
         <input_file_ref idref="fl-d5"/>
      </object_component>
      <object_component id="oc-e6">
         <name>.debug_line</name>
         <load_address>0x3298</load_address>
         <run_address>0x3298</run_address>
         <size>0xad</size>
         <input_file_ref idref="fl-d5"/>
      </object_component>
      <object_component id="oc-6c">
         <name>.debug_line</name>
         <load_address>0x3345</load_address>
         <run_address>0x3345</run_address>
         <size>0x33</size>
         <input_file_ref idref="fl-d6"/>
      </object_component>
      <object_component id="oc-5a">
         <name>.debug_line</name>
         <load_address>0x3378</load_address>
         <run_address>0x3378</run_address>
         <size>0x45</size>
         <input_file_ref idref="fl-d6"/>
      </object_component>
      <object_component id="oc-26d">
         <name>.debug_line</name>
         <load_address>0x33bd</load_address>
         <run_address>0x33bd</run_address>
         <size>0xbf</size>
         <input_file_ref idref="fl-da"/>
      </object_component>
      <object_component id="oc-151">
         <name>.debug_line</name>
         <load_address>0x347c</load_address>
         <run_address>0x347c</run_address>
         <size>0x6f</size>
         <input_file_ref idref="fl-da"/>
      </object_component>
      <object_component id="oc-271">
         <name>.debug_line</name>
         <load_address>0x34eb</load_address>
         <run_address>0x34eb</run_address>
         <size>0x2e</size>
         <input_file_ref idref="fl-da"/>
      </object_component>
      <object_component id="oc-285">
         <name>.debug_line</name>
         <load_address>0x3519</load_address>
         <run_address>0x3519</run_address>
         <size>0x9a</size>
         <input_file_ref idref="fl-da"/>
      </object_component>
      <object_component id="oc-276">
         <name>.debug_line</name>
         <load_address>0x35b3</load_address>
         <run_address>0x35b3</run_address>
         <size>0x97</size>
         <input_file_ref idref="fl-da"/>
      </object_component>
      <object_component id="oc-27b">
         <name>.debug_line</name>
         <load_address>0x364a</load_address>
         <run_address>0x364a</run_address>
         <size>0x93</size>
         <input_file_ref idref="fl-da"/>
      </object_component>
      <object_component id="oc-99">
         <name>.debug_line</name>
         <load_address>0x36dd</load_address>
         <run_address>0x36dd</run_address>
         <size>0x40</size>
         <input_file_ref idref="fl-db"/>
      </object_component>
      <object_component id="oc-145">
         <name>.debug_line</name>
         <load_address>0x371d</load_address>
         <run_address>0x371d</run_address>
         <size>0x3c</size>
         <input_file_ref idref="fl-dd"/>
      </object_component>
      <object_component id="oc-a0">
         <name>.debug_frame</name>
         <load_address>0x0</load_address>
         <run_address>0x0</run_address>
         <size>0x15c</size>
         <input_file_ref idref="fl-2"/>
      </object_component>
      <object_component id="oc-db">
         <name>.debug_frame</name>
         <load_address>0x15c</load_address>
         <run_address>0x15c</run_address>
         <size>0x24c</size>
         <input_file_ref idref="fl-3"/>
      </object_component>
      <object_component id="oc-cf">
         <name>.debug_frame</name>
         <load_address>0x3a8</load_address>
         <run_address>0x3a8</run_address>
         <size>0x49c</size>
         <input_file_ref idref="fl-4"/>
      </object_component>
      <object_component id="oc-29">
         <name>.debug_frame</name>
         <load_address>0x844</load_address>
         <run_address>0x844</run_address>
         <size>0x90</size>
         <input_file_ref idref="fl-6"/>
      </object_component>
      <object_component id="oc-dd">
         <name>.debug_frame</name>
         <load_address>0x8d4</load_address>
         <run_address>0x8d4</run_address>
         <size>0x60</size>
         <input_file_ref idref="fl-c"/>
      </object_component>
      <object_component id="oc-1c9">
         <name>.debug_frame</name>
         <load_address>0x934</load_address>
         <run_address>0x934</run_address>
         <size>0x5c</size>
         <input_file_ref idref="fl-c"/>
      </object_component>
      <object_component id="oc-1c3">
         <name>.debug_frame</name>
         <load_address>0x990</load_address>
         <run_address>0x990</run_address>
         <size>0x5c</size>
         <input_file_ref idref="fl-c"/>
      </object_component>
      <object_component id="oc-f1">
         <name>.debug_frame</name>
         <load_address>0x9ec</load_address>
         <run_address>0x9ec</run_address>
         <size>0x6c</size>
         <input_file_ref idref="fl-c"/>
      </object_component>
      <object_component id="oc-1fc">
         <name>.debug_frame</name>
         <load_address>0xa58</load_address>
         <run_address>0xa58</run_address>
         <size>0x54</size>
         <input_file_ref idref="fl-c"/>
      </object_component>
      <object_component id="oc-13b">
         <name>.debug_frame</name>
         <load_address>0xaac</load_address>
         <run_address>0xaac</run_address>
         <size>0x58</size>
         <input_file_ref idref="fl-c"/>
      </object_component>
      <object_component id="oc-d2">
         <name>.debug_frame</name>
         <load_address>0xb04</load_address>
         <run_address>0xb04</run_address>
         <size>0x54</size>
         <input_file_ref idref="fl-d"/>
      </object_component>
      <object_component id="oc-1de">
         <name>.debug_frame</name>
         <load_address>0xb58</load_address>
         <run_address>0xb58</run_address>
         <size>0x54</size>
         <input_file_ref idref="fl-d"/>
      </object_component>
      <object_component id="oc-1e4">
         <name>.debug_frame</name>
         <load_address>0xbac</load_address>
         <run_address>0xbac</run_address>
         <size>0x68</size>
         <input_file_ref idref="fl-d"/>
      </object_component>
      <object_component id="oc-130">
         <name>.debug_frame</name>
         <load_address>0xc14</load_address>
         <run_address>0xc14</run_address>
         <size>0x58</size>
         <input_file_ref idref="fl-d"/>
      </object_component>
      <object_component id="oc-118">
         <name>.debug_frame</name>
         <load_address>0xc6c</load_address>
         <run_address>0xc6c</run_address>
         <size>0x58</size>
         <input_file_ref idref="fl-d"/>
      </object_component>
      <object_component id="oc-11e">
         <name>.debug_frame</name>
         <load_address>0xcc4</load_address>
         <run_address>0xcc4</run_address>
         <size>0x5c</size>
         <input_file_ref idref="fl-d"/>
      </object_component>
      <object_component id="oc-112">
         <name>.debug_frame</name>
         <load_address>0xd20</load_address>
         <run_address>0xd20</run_address>
         <size>0x58</size>
         <input_file_ref idref="fl-d"/>
      </object_component>
      <object_component id="oc-12d">
         <name>.debug_frame</name>
         <load_address>0xd78</load_address>
         <run_address>0xd78</run_address>
         <size>0x54</size>
         <input_file_ref idref="fl-f"/>
      </object_component>
      <object_component id="oc-191">
         <name>.debug_frame</name>
         <load_address>0xdcc</load_address>
         <run_address>0xdcc</run_address>
         <size>0x54</size>
         <input_file_ref idref="fl-f"/>
      </object_component>
      <object_component id="oc-1b9">
         <name>.debug_frame</name>
         <load_address>0xe20</load_address>
         <run_address>0xe20</run_address>
         <size>0x54</size>
         <input_file_ref idref="fl-f"/>
      </object_component>
      <object_component id="oc-127">
         <name>.debug_frame</name>
         <load_address>0xe74</load_address>
         <run_address>0xe74</run_address>
         <size>0x58</size>
         <input_file_ref idref="fl-f"/>
      </object_component>
      <object_component id="oc-197">
         <name>.debug_frame</name>
         <load_address>0xecc</load_address>
         <run_address>0xecc</run_address>
         <size>0x54</size>
         <input_file_ref idref="fl-f"/>
      </object_component>
      <object_component id="oc-206">
         <name>.debug_frame</name>
         <load_address>0xf20</load_address>
         <run_address>0xf20</run_address>
         <size>0x58</size>
         <input_file_ref idref="fl-10"/>
      </object_component>
      <object_component id="oc-10f">
         <name>.debug_frame</name>
         <load_address>0xf78</load_address>
         <run_address>0xf78</run_address>
         <size>0x54</size>
         <input_file_ref idref="fl-10"/>
      </object_component>
      <object_component id="oc-c9">
         <name>.debug_frame</name>
         <load_address>0xfcc</load_address>
         <run_address>0xfcc</run_address>
         <size>0x68</size>
         <input_file_ref idref="fl-10"/>
      </object_component>
      <object_component id="oc-fc">
         <name>.debug_frame</name>
         <load_address>0x1034</load_address>
         <run_address>0x1034</run_address>
         <size>0x60</size>
         <input_file_ref idref="fl-10"/>
      </object_component>
      <object_component id="oc-1f9">
         <name>.debug_frame</name>
         <load_address>0x1094</load_address>
         <run_address>0x1094</run_address>
         <size>0x54</size>
         <input_file_ref idref="fl-11"/>
      </object_component>
      <object_component id="oc-1f3">
         <name>.debug_frame</name>
         <load_address>0x10e8</load_address>
         <run_address>0x10e8</run_address>
         <size>0x54</size>
         <input_file_ref idref="fl-11"/>
      </object_component>
      <object_component id="oc-139">
         <name>.debug_frame</name>
         <load_address>0x113c</load_address>
         <run_address>0x113c</run_address>
         <size>0x5c</size>
         <input_file_ref idref="fl-11"/>
      </object_component>
      <object_component id="oc-ed">
         <name>.debug_frame</name>
         <load_address>0x1198</load_address>
         <run_address>0x1198</run_address>
         <size>0x54</size>
         <input_file_ref idref="fl-11"/>
      </object_component>
      <object_component id="oc-49">
         <name>.debug_frame</name>
         <load_address>0x11ec</load_address>
         <run_address>0x11ec</run_address>
         <size>0x54</size>
         <input_file_ref idref="fl-d2"/>
      </object_component>
      <object_component id="oc-20">
         <name>.debug_frame</name>
         <load_address>0x1240</load_address>
         <run_address>0x1240</run_address>
         <size>0x54</size>
         <input_file_ref idref="fl-d3"/>
      </object_component>
      <object_component id="oc-1a">
         <name>.debug_frame</name>
         <load_address>0x1294</load_address>
         <run_address>0x1294</run_address>
         <size>0x60</size>
         <input_file_ref idref="fl-d4"/>
      </object_component>
      <object_component id="oc-e7">
         <name>.debug_frame</name>
         <load_address>0x12f4</load_address>
         <run_address>0x12f4</run_address>
         <size>0x54</size>
         <input_file_ref idref="fl-d5"/>
      </object_component>
      <object_component id="oc-5e">
         <name>.debug_frame</name>
         <load_address>0x1348</load_address>
         <run_address>0x1348</run_address>
         <size>0x50</size>
         <input_file_ref idref="fl-d6"/>
      </object_component>
      <object_component id="oc-152">
         <name>.debug_frame</name>
         <load_address>0x1398</load_address>
         <run_address>0x1398</run_address>
         <size>0x5c</size>
         <input_file_ref idref="fl-da"/>
      </object_component>
      <object_component id="oc-9a">
         <name>.debug_frame</name>
         <load_address>0x13f4</load_address>
         <run_address>0x13f4</run_address>
         <size>0x54</size>
         <input_file_ref idref="fl-db"/>
      </object_component>
      <object_component id="oc-146">
         <name>.debug_frame</name>
         <load_address>0x1448</load_address>
         <run_address>0x1448</run_address>
         <size>0x54</size>
         <input_file_ref idref="fl-dd"/>
      </object_component>
      <object_component id="oc-17f">
         <name>.debug_abbrev</name>
         <load_address>0x0</load_address>
         <run_address>0x0</run_address>
         <size>0x11b</size>
         <input_file_ref idref="fl-2"/>
      </object_component>
      <object_component id="oc-1d3">
         <name>.debug_abbrev</name>
         <load_address>0x11b</load_address>
         <run_address>0x11b</run_address>
         <size>0x29</size>
         <input_file_ref idref="fl-2"/>
      </object_component>
      <object_component id="oc-1d5">
         <name>.debug_abbrev</name>
         <load_address>0x144</load_address>
         <run_address>0x144</run_address>
         <size>0x29</size>
         <input_file_ref idref="fl-2"/>
      </object_component>
      <object_component id="oc-140">
         <name>.debug_abbrev</name>
         <load_address>0x16d</load_address>
         <run_address>0x16d</run_address>
         <size>0xb4</size>
         <input_file_ref idref="fl-2"/>
      </object_component>
      <object_component id="oc-72">
         <name>.debug_abbrev</name>
         <load_address>0x221</load_address>
         <run_address>0x221</run_address>
[...]
      </symbol>
      <symbol id="sm-7">
         <name>__TI_Handler_Table_Limit</name>
         <value>0x3f0c</value>
      </symbol>
      <symbol id="sm-8">
         <name>binit</name>
         <value>0xffffffff</value>
      </symbol>
      <symbol id="sm-9">
         <name>__binit__</name>
         <value>0xffffffff</value>
      </symbol>
      <symbol id="sm-a">
         <name>__STACK_SIZE</name>
         <value>0x200</value>
      </symbol>
      <symbol id="sm-b">
         <name>__STACK_END</name>
         <value>0x20000200</value>
      </symbol>
      <symbol id="sm-c">
         <name>__c_args__</name>
         <value>0xffffffff</value>
      </symbol>
      <symbol id="sm-d">
         <name>__TI_pprof_out_hndl</name>
         <value>0xffffffff</value>
      </symbol>
      <symbol id="sm-e">
         <name>__TI_prof_data_start</name>
         <value>0xffffffff</value>
      </symbol>
      <symbol id="sm-f">
         <name>__TI_prof_data_size</name>
         <value>0xffffffff</value>
      </symbol>
      <symbol id="sm-cc">
         <name>status</name>
         <value>0x2000027d</value>
      </symbol>
      <symbol id="sm-cd">
         <name>str</name>
         <value>0x20000240</value>
      </symbol>
      <symbol id="sm-ce">
         <name>cardID</name>
         <value>0x20000250</value>
      </symbol>
      <symbol id="sm-cf">
         <name>key</name>
         <value>0x2000025c</value>
      </symbol>
      <symbol id="sm-d0">
         <name>rollNo</name>
         <value>0x20000230</value>
      </symbol>
      <symbol id="sm-d1">
         <name>profName</name>
         <value>0x20000220</value>
      </symbol>
      <symbol id="sm-d2">
         <name>code</name>
         <value>0x20000264</value>
      </symbol>
      <symbol id="sm-d3">
         <name>courseName</name>
         <value>0x20000210</value>
      </symbol>
      <symbol id="sm-d4">
         <name>Course</name>
         <value>0x20000200</value>
      </symbol>
      <symbol id="sm-d5">
         <name>state1</name>
         <value>0x2011</value>
         <object_component_ref idref="oc-9b"/>
      </symbol>
      <symbol id="sm-d6">
         <name>state2</name>
         <value>0x2105</value>
         <object_component_ref idref="oc-9b"/>
      </symbol>
      <symbol id="sm-d7">
         <name>state3</name>
         <value>0x21c1</value>
         <object_component_ref idref="oc-9b"/>
      </symbol>
      <symbol id="sm-d8">
         <name>state4</name>
         <value>0x22bd</value>
         <object_component_ref idref="oc-9b"/>
      </symbol>
      <symbol id="sm-d9">
         <name>state5</name>
         <value>0x23d9</value>
         <object_component_ref idref="oc-9b"/>
      </symbol>
      <symbol id="sm-da">
         <name>state6</name>
         <value>0x24f5</value>
         <object_component_ref idref="oc-9b"/>
      </symbol>
      <symbol id="sm-db">
         <name>state7</name>
         <value>0x25c7</value>
         <object_component_ref idref="oc-9b"/>
      </symbol>
      <symbol id="sm-dc">
         <name>hardware_init</name>
         <value>0x26cd</value>
         <object_component_ref idref="oc-9b"/>
      </symbol>
      <symbol id="sm-dd">
         <name>prof</name>
         <value>0x2000027f</value>
         <object_component_ref idref="oc-105"/>
      </symbol>
      <symbol id="sm-de">
         <name>student</name>
         <value>0x20000283</value>
         <object_component_ref idref="oc-102"/>
      </symbol>
      <symbol id="sm-df">
         <name>main</name>
         <value>0x1bfd</value>
         <object_component_ref idref="oc-9b"/>
      </symbol>
      <symbol id="sm-137">
         <name>ClearBitMask</name>
         <value>0x28f3</value>
         <object_component_ref idref="oc-d6"/>
      </symbol>
      <symbol id="sm-138">
         <name>Halt</name>
         <value>0x2f51</value>
         <object_component_ref idref="oc-d6"/>
      </symbol>
      <symbol id="sm-139">
         <name>ToCard</name>
         <value>0x2a15</value>
         <object_component_ref idref="oc-d6"/>
      </symbol>
      <symbol id="sm-13a">
         <name>SPI_transfer</name>
         <value>0x27fd</value>
         <object_component_ref idref="oc-d6"/>
      </symbol>
      <symbol id="sm-13b">
         <name>WriteBlock</name>
         <value>0x2e7b</value>
         <object_component_ref idref="oc-d6"/>
      </symbol>
      <symbol id="sm-13c">
         <name>Reset</name>
         <value>0x2949</value>
         <object_component_ref idref="oc-d6"/>
      </symbol>
      <symbol id="sm-13d">
         <name>SelectTag</name>
         <value>0x2ce5</value>
         <object_component_ref idref="oc-d6"/>
      </symbol>
      <symbol id="sm-13e">
         <name>SPI_transferW</name>
         <value>0x282b</value>
         <object_component_ref idref="oc-d6"/>
      </symbol>
      <symbol id="sm-13f">
         <name>SetBitMask</name>
         <value>0x28c9</value>
         <object_component_ref idref="oc-d6"/>
      </symbol>
      <symbol id="sm-140">
         <name>Init</name>
         <value>0x2955</value>
         <object_component_ref idref="oc-d6"/>
      </symbol>
      <symbol id="sm-141">
         <name>AntennaOn</name>
         <value>0x291d</value>
         <object_component_ref idref="oc-d6"/>
      </symbol>
      <symbol id="sm-142">
         <name>Anticoll</name>
         <value>0x2bc9</value>
         <object_component_ref idref="oc-d6"/>
      </symbol>
      <symbol id="sm-143">
         <name>CalulateCRC</name>
         <value>0x2c59</value>
         <object_component_ref idref="oc-d6"/>
      </symbol>
      <symbol id="sm-144">
         <name>Request</name>
         <value>0x29c3</value>
         <object_component_ref idref="oc-d6"/>
      </symbol>
      <symbol id="sm-145">
         <name>ReadBlock</name>
         <value>0x2e27</value>
         <object_component_ref idref="oc-d6"/>
      </symbol>
      <symbol id="sm-146">
         <name>Auth</name>
         <value>0x2d6f</value>
         <object_component_ref idref="oc-d6"/>
      </symbol>
      <symbol id="sm-147">
         <name>WriteReg</name>
         <value>0x2855</value>
         <object_component_ref idref="oc-d6"/>
      </symbol>
      <symbol id="sm-148">
         <name>ReadReg</name>
         <value>0x288b</value>
         <object_component_ref idref="oc-d6"/>
      </symbol>
      <symbol id="sm-149">
         <name>AntennaOff</name>
         <value>0x293d</value>
         <object_component_ref idref="oc-d6"/>
      </symbol>
      <symbol id="sm-221">
         <name>colstart</name>
         <value>0x2000027a</value>
      </symbol>
      <symbol id="sm-222">
         <name>rowstart</name>
         <value>0x2000027c</value>
      </symbol>
      <symbol id="sm-223">
         <name>rotation</name>
         <value>0x2000027b</value>
      </symbol>
      <symbol id="sm-224">
         <name>textsize</name>
         <value>0x2000027e</value>
      </symbol>
      <symbol id="sm-225">
         <name>wrap</name>
         <value>0x20000278</value>
      </symbol>
      <symbol id="sm-226">
         <name>cursor_y</name>
         <value>0x20000272</value>
      </symbol>
      <symbol id="sm-227">
         <name>cursor_x</name>
         <value>0x20000270</value>
      </symbol>
      <symbol id="sm-228">
         <name>textcolour</name>
         <value>0x20000276</value>
      </symbol>
      <symbol id="sm-229">
         <name>textbgcolour</name>
         <value>0x20000274</value>
      </symbol>
      <symbol id="sm-22a">
         <name>width</name>
         <value>0x2000026c</value>
      </symbol>
      <symbol id="sm-22b">
         <name>height</name>
         <value>0x20000268</value>
      </symbol>
      <symbol id="sm-22c">
         <name>drawCircleHelper</name>
         <value>0xb59</value>
         <object_component_ref idref="oc-ca"/>
      </symbol>
      <symbol id="sm-22d">
         <name>fillRoundRect</name>
         <value>0x1229</value>
         <object_component_ref idref="oc-ca"/>
      </symbol>
      <symbol id="sm-22e">
         <name>setCursor</name>
         <value>0x1b61</value>
         <object_component_ref idref="oc-ca"/>
      </symbol>
      <symbol id="sm-22f">
         <name>drawPixel</name>
         <value>0x549</value>
         <object_component_ref idref="oc-ca"/>
      </symbol>
      <symbol id="sm-230">
         <name>drawFastHLine</name>
         <value>0x665</value>
         <object_component_ref idref="oc-ca"/>
      </symbol>
      <symbol id="sm-231">
         <name>drawCircle</name>
         <value>0x951</value>
         <object_component_ref idref="oc-ca"/>
      </symbol>
      <symbol id="sm-232">
         <name>LcdInit</name>
         <value>0x38f</value>
         <object_component_ref idref="oc-ca"/>
      </symbol>
      <symbol id="sm-233">
         <name>invertDisplay</name>
         <value>0x931</value>
         <object_component_ref idref="oc-ca"/>
      </symbol>
      <symbol id="sm-234">
         <name>drawXBitmap</name>
         <value>0x1735</value>
         <object_component_ref idref="oc-ca"/>
      </symbol>
      <symbol id="sm-235">
         <name>fillScreen</name>
         <value>0x713</value>
         <object_component_ref idref="oc-ca"/>
      </symbol>
      <symbol id="sm-236">
         <name>drawLine</name>
         <value>0xed3</value>
         <object_component_ref idref="oc-ca"/>
      </symbol>
      <symbol id="sm-237">
         <name>drawNumber</name>
         <value>0x1a43</value>
         <object_component_ref idref="oc-ca"/>
      </symbol>
      <symbol id="sm-238">
         <name>drawRoundRect</name>
         <value>0x10b3</value>
         <object_component_ref idref="oc-ca"/>
      </symbol>
      <symbol id="sm-239">
         <name>setRotation</name>
         <value>0x8a5</value>
         <object_component_ref idref="oc-ca"/>
      </symbol>
      <symbol id="sm-23a">
         <name>writeData</name>
         <value>0x2db</value>
         <object_component_ref idref="oc-ca"/>
      </symbol>
      <symbol id="sm-23b">
         <name>setAddrWindow</name>
         <value>0x49b</value>
         <object_component_ref idref="oc-ca"/>
      </symbol>
      <symbol id="sm-23c">
         <name>swapColour</name>
         <value>0x475</value>
         <object_component_ref idref="oc-ca"/>
      </symbol>
      <symbol id="sm-23d">
         <name>commandList</name>
         <value>0x2f7</value>
         <object_component_ref idref="oc-ca"/>
      </symbol>
      <symbol id="sm-23e">
         <name>fillCircleHelper</name>
         <value>0xd67</value>
         <object_component_ref idref="oc-ca"/>
      </symbol>
      <symbol id="sm-23f">
         <name>Colour565</name>
         <value>0x871</value>
         <object_component_ref idref="oc-ca"/>
      </symbol>
      <symbol id="sm-240">
         <name>writeCommand</name>
         <value>0x2bf</value>
         <object_component_ref idref="oc-ca"/>
      </symbol>
      <symbol id="sm-241">
         <name>fillTriangle</name>
         <value>0x1345</value>
         <object_component_ref idref="oc-ca"/>
      </symbol>
      <symbol id="sm-242">
         <name>fillCircle</name>
         <value>0xd0d</value>
         <object_component_ref idref="oc-ca"/>
      </symbol>
      <symbol id="sm-243">
         <name>fillRect</name>
         <value>0x759</value>
         <object_component_ref idref="oc-ca"/>
      </symbol>
      <symbol id="sm-244">
         <name>setTextColour</name>
         <value>0x1ba9</value>
         <object_component_ref idref="oc-ca"/>
      </symbol>
      <symbol id="sm-245">
         <name>drawString</name>
         <value>0x17ef</value>
         <object_component_ref idref="oc-ca"/>
      </symbol>
      <symbol id="sm-246">
         <name>drawFastVLine</name>
         <value>0x5ad</value>
         <object_component_ref idref="oc-ca"/>
      </symbol>
      <symbol id="sm-247">
         <name>delay_ms</name>
         <value>0x26d</value>
         <object_component_ref idref="oc-ca"/>
      </symbol>
      <symbol id="sm-248">
         <name>spiWrite</name>
         <value>0x28b</value>
         <object_component_ref idref="oc-ca"/>
      </symbol>
      <symbol id="sm-249">
         <name>pushColour</name>
         <value>0x521</value>
         <object_component_ref idref="oc-ca"/>
      </symbol>
      <symbol id="sm-24a">
         <name>setTextSize</name>
         <value>0x1b89</value>
         <object_component_ref idref="oc-ca"/>
      </symbol>
      <symbol id="sm-24b">
         <name>drawTriangle</name>
         <value>0x12e5</value>
         <object_component_ref idref="oc-ca"/>
      </symbol>
      <symbol id="sm-24c">
         <name>drawRect</name>
         <value>0x1041</value>
         <object_component_ref idref="oc-ca"/>
      </symbol>
      <symbol id="sm-24d">
         <name>drawBitmap</name>
         <value>0x1663</value>
         <object_component_ref idref="oc-ca"/>
      </symbol>
      <symbol id="sm-24e">
         <name>setTextWrap</name>
         <value>0x1bc9</value>
         <object_component_ref idref="oc-ca"/>
      </symbol>
      <symbol id="sm-24f">
         <name>drawChar</name>
         <value>0x18df</value>
         <object_component_ref idref="oc-ca"/>
      </symbol>
      <symbol id="sm-26c">
         <name>ResetISR</name>
         <value>0x3877</value>
         <object_component_ref idref="oc-27"/>
      </symbol>
      <symbol id="sm-26d">
         <name>g_pfnVectors</name>
         <value>0x0</value>
         <object_component_ref idref="oc-12"/>
      </symbol>
      <symbol id="sm-2dc">
         <name>EEPROMRead</name>
         <value>0x369d</value>
         <object_component_ref idref="oc-dc"/>
      </symbol>
      <symbol id="sm-2dd">
         <name>EEPROMProgram</name>
         <value>0x32f5</value>
         <object_component_ref idref="oc-f0"/>
      </symbol>
      <symbol id="sm-2de">
         <name>EEPROMInit</name>
         <value>0x35e5</value>
         <object_component_ref idref="oc-13a"/>
      </symbol>
      <symbol id="sm-330">
         <name>GPIOPinConfigure</name>
         <value>0x350d</value>
         <object_component_ref idref="oc-110"/>
      </symbol>
      <symbol id="sm-331">
         <name>GPIOPinTypeUART</name>
         <value>0x3821</value>
         <object_component_ref idref="oc-12e"/>
      </symbol>
      <symbol id="sm-332">
         <name>GPIOPinTypeGPIOOutput</name>
         <value>0x37d9</value>
         <object_component_ref idref="oc-11c"/>
      </symbol>
      <symbol id="sm-333">
         <name>GPIODirModeSet</name>
         <value>0x3771</value>
         <object_component_ref idref="oc-1dc"/>
      </symbol>
      <symbol id="sm-334">
         <name>GPIOPinWrite</name>
         <value>0x38a9</value>
         <object_component_ref idref="oc-d0"/>
      </symbol>
      <symbol id="sm-335">
         <name>GPIOPadConfigSet</name>
         <value>0x2f7d</value>
         <object_component_ref idref="oc-1e2"/>
      </symbol>
      <symbol id="sm-336">
         <name>GPIOPinTypeSSI</name>
         <value>0x380b</value>
         <object_component_ref idref="oc-116"/>
      </symbol>
      <symbol id="sm-367">
         <name>SSIDataPut</name>
         <value>0x3883</value>
         <object_component_ref idref="oc-18d"/>
      </symbol>
      <symbol id="sm-368">
         <name>SSIDataGet</name>
         <value>0x386b</value>
         <object_component_ref idref="oc-1b4"/>
      </symbol>
      <symbol id="sm-369">
         <name>SSIConfigSetExpClk</name>
         <value>0x3625</value>
         <object_component_ref idref="oc-122"/>
      </symbol>
      <symbol id="sm-36a">
         <name>SSIEnable</name>
         <value>0x388d</value>
         <object_component_ref idref="oc-128"/>
      </symbol>
      <symbol id="sm-36b">
         <name>SSIBusy</name>
         <value>0x38a1</value>
         <object_component_ref idref="oc-193"/>
      </symbol>
      <symbol id="sm-3ca">
         <name>SysCtlClockSet</name>
         <value>0x3201</value>
         <object_component_ref idref="oc-c4"/>
      </symbol>
      <symbol id="sm-3cb">
         <name>SysCtlDelay</name>
         <value>0x38af</value>
         <object_component_ref idref="oc-fd"/>
      </symbol>
      <symbol id="sm-3cc">
         <name>SysCtlPeripheralEnable</name>
         <value>0x36d5</value>
         <object_component_ref idref="oc-10a"/>
      </symbol>
      <symbol id="sm-3cd">
         <name>SysCtlClockGet</name>
         <value>0x30e9</value>
         <object_component_ref idref="oc-f7"/>
      </symbol>
      <symbol id="sm-3ce">
         <name>SysCtlPeripheralReset</name>
         <value>0x34bd</value>
         <object_component_ref idref="oc-201"/>
      </symbol>
      <symbol id="sm-3f8">
         <name>UARTConfigSetExpClk</name>
         <value>0x3559</value>
         <object_component_ref idref="oc-134"/>
      </symbol>
      <symbol id="sm-3f9">
         <name>UARTDisable</name>
         <value>0x379d</value>
         <object_component_ref idref="oc-1ee"/>
      </symbol>
      <symbol id="sm-3fa">
         <name>UARTCharPut</name>
         <value>0x3897</value>
         <object_component_ref idref="oc-e8"/>
      </symbol>
      <symbol id="sm-3fb">
         <name>UARTEnable</name>
         <value>0x3837</value>
         <object_component_ref idref="oc-1f4"/>
      </symbol>
      <symbol id="sm-420">
         <name>memcpy</name>
         <value>0x33b9</value>
         <object_component_ref idref="oc-3b"/>
      </symbol>
      <symbol id="sm-421">
         <name>__aeabi_memcpy</name>
         <value>0x33b9</value>
         <object_component_ref idref="oc-3b"/>
      </symbol>
      <symbol id="sm-422">
         <name>__aeabi_memcpy8</name>
         <value>0x33b9</value>
         <object_component_ref idref="oc-3b"/>
      </symbol>
      <symbol id="sm-423">
         <name>__aeabi_memcpy4</name>
         <value>0x33b9</value>
         <object_component_ref idref="oc-3b"/>
      </symbol>
      <symbol id="sm-437">
         <name>__TI_zero_init_nomemset</name>
         <value>0x37bd</value>
         <object_component_ref idref="oc-47"/>
      </symbol>
      <symbol id="sm-44e">
         <name>__TI_decompress_none</name>
         <value>0x385d</value>
         <object_component_ref idref="oc-1b"/>
      </symbol>
      <symbol id="sm-471">
         <name>__TI_decompress_lzss</name>
         <value>0x3455</value>
         <object_component_ref idref="oc-15"/>
      </symbol>
      <symbol id="sm-480">
         <name>strcmp</name>
         <value>0x37f3</value>
         <object_component_ref idref="oc-e2"/>
      </symbol>
      <symbol id="sm-493">
         <name>__stack</name>
         <value>0x20000000</value>
         <object_component_ref idref="oc-24"/>
      </symbol>
      <symbol id="sm-494">
         <name>_c_int00_noargs</name>
         <value>0x373d</value>
         <object_component_ref idref="oc-59"/>
      </symbol>
      <symbol id="sm-4bf">
         <name>__TI_auto_init_nobinit_nopinit</name>
         <value>0x35a1</value>
         <object_component_ref idref="oc-14d"/>
      </symbol>
      <symbol id="sm-4c9">
         <name>_system_pre_init</name>
         <value>0x38b5</value>
         <object_component_ref idref="oc-95"/>
      </symbol>
      <symbol id="sm-4d5">
         <name>C$$EXIT</name>
         <value>0x38b9</value>
         <object_component_ref idref="oc-141"/>
      </symbol>
      <symbol id="sm-4d6">
         <name>abort</name>
         <value>0x38b9</value>
         <object_component_ref idref="oc-141"/>
      </symbol>
      <symbol id="sm-4d9">
         <name>__TI_static_base__</name>
         <value>0x0</value>
      </symbol>
      <symbol id="sm-4dc">
         <name>__mpu_init</name>
         <value>0x0</value>
      </symbol>
      <symbol id="sm-4dd">
         <name>_system_post_cinit</name>
         <value>0x0</value>
      </symbol>
   </symbol_table>
   <title>Link successful</title>
</link_info>
